[0.116s] DEBUG:colcon:Command line arguments: ['/usr/bin/colcon', 'build']
[0.116s] DEBUG:colcon:Parsed command line arguments: Namespace(log_base=None, log_level=None, verb_name='build', build_base='build', install_base='install', merge_install=False, symlink_install=False, test_result_base=None, continue_on_error=False, executor='parallel', parallel_workers=8, event_handlers=None, ignore_user_meta=False, metas=['./colcon.meta'], base_paths=['.'], packages_ignore=None, packages_ignore_regex=None, paths=None, packages_up_to=None, packages_up_to_regex=None, packages_above=None, packages_above_and_dependencies=None, packages_above_depth=None, packages_select_by_dep=None, packages_skip_by_dep=None, packages_skip_up_to=None, packages_select_build_failed=False, packages_skip_build_finished=False, packages_select_test_failures=False, packages_skip_test_passed=False, packages_select=None, packages_skip=None, packages_select_regex=None, packages_skip_regex=None, packages_start=None, packages_end=None, allow_overriding=[], cmake_args=None, cmake_target=None, cmake_target_skip_unavailable=False, cmake_clean_cache=False, cmake_clean_first=False, cmake_force_configure=False, ament_cmake_args=None, catkin_cmake_args=None, catkin_skip_building_tests=False, mixin_files=None, mixin=None, verb_parser=<colcon_mixin.mixin.mixin_argument.MixinArgumentDecorator object at 0x786d70f932f0>, verb_extension=<colcon_core.verb.build.BuildVerb object at 0x786d710bb350>, main=<bound method BuildVerb.main of <colcon_core.verb.build.BuildVerb object at 0x786d710bb350>>, mixin_verb=('build',))
[0.165s] Level 1:colcon.colcon_core.package_discovery:discover_packages(colcon_meta) check parameters
[0.165s] Level 1:colcon.colcon_core.package_discovery:discover_packages(recursive) check parameters
[0.165s] Level 1:colcon.colcon_core.package_discovery:discover_packages(ignore) check parameters
[0.165s] Level 1:colcon.colcon_core.package_discovery:discover_packages(path) check parameters
[0.165s] Level 1:colcon.colcon_core.package_discovery:discover_packages(colcon_meta) discover
[0.166s] Level 1:colcon.colcon_core.package_discovery:discover_packages(recursive) discover
[0.166s] INFO:colcon.colcon_core.package_discovery:Crawling recursively for packages in '/home/v120506/rmitbot_v4/lesson7_ws'
[0.166s] Level 1:colcon.colcon_core.package_identification:_identify(.) by extensions ['ignore', 'ignore_ament_install']
[0.166s] Level 1:colcon.colcon_core.package_identification:_identify(.) by extension 'ignore'
[0.166s] Level 1:colcon.colcon_core.package_identification:_identify(.) by extension 'ignore_ament_install'
[0.166s] Level 1:colcon.colcon_core.package_identification:_identify(.) by extensions ['colcon_pkg']
[0.166s] Level 1:colcon.colcon_core.package_identification:_identify(.) by extension 'colcon_pkg'
[0.166s] Level 1:colcon.colcon_core.package_identification:_identify(.) by extensions ['colcon_meta']
[0.166s] Level 1:colcon.colcon_core.package_identification:_identify(.) by extension 'colcon_meta'
[0.166s] Level 1:colcon.colcon_core.package_identification:_identify(.) by extensions ['ros']
[0.166s] Level 1:colcon.colcon_core.package_identification:_identify(.) by extension 'ros'
[0.190s] Level 1:colcon.colcon_core.package_identification:_identify(.) by extensions ['cmake', 'python']
[0.190s] Level 1:colcon.colcon_core.package_identification:_identify(.) by extension 'cmake'
[0.190s] Level 1:colcon.colcon_core.package_identification:_identify(.) by extension 'python'
[0.190s] Level 1:colcon.colcon_core.package_identification:_identify(.) by extensions ['python_setup_py']
[0.190s] Level 1:colcon.colcon_core.package_identification:_identify(.) by extension 'python_setup_py'
[0.190s] Level 1:colcon.colcon_core.package_identification:_identify(build) by extensions ['ignore', 'ignore_ament_install']
[0.190s] Level 1:colcon.colcon_core.package_identification:_identify(build) by extension 'ignore'
[0.190s] Level 1:colcon.colcon_core.package_identification:_identify(build) ignored
[0.191s] Level 1:colcon.colcon_core.package_identification:_identify(install) by extensions ['ignore', 'ignore_ament_install']
[0.191s] Level 1:colcon.colcon_core.package_identification:_identify(install) by extension 'ignore'
[0.191s] Level 1:colcon.colcon_core.package_identification:_identify(install) ignored
[0.191s] Level 1:colcon.colcon_core.package_identification:_identify(log) by extensions ['ignore', 'ignore_ament_install']
[0.191s] Level 1:colcon.colcon_core.package_identification:_identify(log) by extension 'ignore'
[0.191s] Level 1:colcon.colcon_core.package_identification:_identify(log) ignored
[0.191s] Level 1:colcon.colcon_core.package_identification:_identify(src) by extensions ['ignore', 'ignore_ament_install']
[0.191s] Level 1:colcon.colcon_core.package_identification:_identify(src) by extension 'ignore'
[0.191s] Level 1:colcon.colcon_core.package_identification:_identify(src) by extension 'ignore_ament_install'
[0.191s] Level 1:colcon.colcon_core.package_identification:_identify(src) by extensions ['colcon_pkg']
[0.191s] Level 1:colcon.colcon_core.package_identification:_identify(src) by extension 'colcon_pkg'
[0.191s] Level 1:colcon.colcon_core.package_identification:_identify(src) by extensions ['colcon_meta']
[0.191s] Level 1:colcon.colcon_core.package_identification:_identify(src) by extension 'colcon_meta'
[0.191s] Level 1:colcon.colcon_core.package_identification:_identify(src) by extensions ['ros']
[0.191s] Level 1:colcon.colcon_core.package_identification:_identify(src) by extension 'ros'
[0.191s] Level 1:colcon.colcon_core.package_identification:_identify(src) by extensions ['cmake', 'python']
[0.192s] Level 1:colcon.colcon_core.package_identification:_identify(src) by extension 'cmake'
[0.192s] Level 1:colcon.colcon_core.package_identification:_identify(src) by extension 'python'
[0.192s] Level 1:colcon.colcon_core.package_identification:_identify(src) by extensions ['python_setup_py']
[0.192s] Level 1:colcon.colcon_core.package_identification:_identify(src) by extension 'python_setup_py'
[0.192s] Level 1:colcon.colcon_core.package_identification:_identify(src/rmitbot_bringup) by extensions ['ignore', 'ignore_ament_install']
[0.192s] Level 1:colcon.colcon_core.package_identification:_identify(src/rmitbot_bringup) by extension 'ignore'
[0.192s] Level 1:colcon.colcon_core.package_identification:_identify(src/rmitbot_bringup) by extension 'ignore_ament_install'
[0.192s] Level 1:colcon.colcon_core.package_identification:_identify(src/rmitbot_bringup) by extensions ['colcon_pkg']
[0.192s] Level 1:colcon.colcon_core.package_identification:_identify(src/rmitbot_bringup) by extension 'colcon_pkg'
[0.192s] Level 1:colcon.colcon_core.package_identification:_identify(src/rmitbot_bringup) by extensions ['colcon_meta']
[0.192s] Level 1:colcon.colcon_core.package_identification:_identify(src/rmitbot_bringup) by extension 'colcon_meta'
[0.192s] Level 1:colcon.colcon_core.package_identification:_identify(src/rmitbot_bringup) by extensions ['ros']
[0.192s] Level 1:colcon.colcon_core.package_identification:_identify(src/rmitbot_bringup) by extension 'ros'
[0.196s] DEBUG:colcon.colcon_core.package_identification:Package 'src/rmitbot_bringup' with type 'ros.ament_cmake' and name 'rmitbot_bringup'
[0.196s] Level 1:colcon.colcon_core.package_identification:_identify(src/rmitbot_controller) by extensions ['ignore', 'ignore_ament_install']
[0.197s] Level 1:colcon.colcon_core.package_identification:_identify(src/rmitbot_controller) by extension 'ignore'
[0.197s] Level 1:colcon.colcon_core.package_identification:_identify(src/rmitbot_controller) by extension 'ignore_ament_install'
[0.197s] Level 1:colcon.colcon_core.package_identification:_identify(src/rmitbot_controller) by extensions ['colcon_pkg']
[0.197s] Level 1:colcon.colcon_core.package_identification:_identify(src/rmitbot_controller) by extension 'colcon_pkg'
[0.197s] Level 1:colcon.colcon_core.package_identification:_identify(src/rmitbot_controller) by extensions ['colcon_meta']
[0.197s] Level 1:colcon.colcon_core.package_identification:_identify(src/rmitbot_controller) by extension 'colcon_meta'
[0.197s] Level 1:colcon.colcon_core.package_identification:_identify(src/rmitbot_controller) by extensions ['ros']
[0.197s] Level 1:colcon.colcon_core.package_identification:_identify(src/rmitbot_controller) by extension 'ros'
[0.198s] DEBUG:colcon.colcon_core.package_identification:Package 'src/rmitbot_controller' with type 'ros.ament_cmake' and name 'rmitbot_controller'
[0.198s] Level 1:colcon.colcon_core.package_identification:_identify(src/rmitbot_description) by extensions ['ignore', 'ignore_ament_install']
[0.198s] Level 1:colcon.colcon_core.package_identification:_identify(src/rmitbot_description) by extension 'ignore'
[0.198s] Level 1:colcon.colcon_core.package_identification:_identify(src/rmitbot_description) by extension 'ignore_ament_install'
[0.198s] Level 1:colcon.colcon_core.package_identification:_identify(src/rmitbot_description) by extensions ['colcon_pkg']
[0.198s] Level 1:colcon.colcon_core.package_identification:_identify(src/rmitbot_description) by extension 'colcon_pkg'
[0.198s] Level 1:colcon.colcon_core.package_identification:_identify(src/rmitbot_description) by extensions ['colcon_meta']
[0.198s] Level 1:colcon.colcon_core.package_identification:_identify(src/rmitbot_description) by extension 'colcon_meta'
[0.198s] Level 1:colcon.colcon_core.package_identification:_identify(src/rmitbot_description) by extensions ['ros']
[0.198s] Level 1:colcon.colcon_core.package_identification:_identify(src/rmitbot_description) by extension 'ros'
[0.199s] DEBUG:colcon.colcon_core.package_identification:Package 'src/rmitbot_description' with type 'ros.ament_cmake' and name 'rmitbot_description'
[0.199s] Level 1:colcon.colcon_core.package_identification:_identify(src/rmitbot_firmware) by extensions ['ignore', 'ignore_ament_install']
[0.199s] Level 1:colcon.colcon_core.package_identification:_identify(src/rmitbot_firmware) by extension 'ignore'
[0.199s] Level 1:colcon.colcon_core.package_identification:_identify(src/rmitbot_firmware) by extension 'ignore_ament_install'
[0.199s] Level 1:colcon.colcon_core.package_identification:_identify(src/rmitbot_firmware) by extensions ['colcon_pkg']
[0.199s] Level 1:colcon.colcon_core.package_identification:_identify(src/rmitbot_firmware) by extension 'colcon_pkg'
[0.199s] Level 1:colcon.colcon_core.package_identification:_identify(src/rmitbot_firmware) by extensions ['colcon_meta']
[0.199s] Level 1:colcon.colcon_core.package_identification:_identify(src/rmitbot_firmware) by extension 'colcon_meta'
[0.199s] Level 1:colcon.colcon_core.package_identification:_identify(src/rmitbot_firmware) by extensions ['ros']
[0.199s] Level 1:colcon.colcon_core.package_identification:_identify(src/rmitbot_firmware) by extension 'ros'
[0.200s] DEBUG:colcon.colcon_core.package_identification:Package 'src/rmitbot_firmware' with type 'ros.ament_cmake' and name 'rmitbot_firmware'
[0.200s] Level 1:colcon.colcon_core.package_discovery:discover_packages(recursive) using defaults
[0.200s] Level 1:colcon.colcon_core.package_discovery:discover_packages(ignore) discover
[0.200s] Level 1:colcon.colcon_core.package_discovery:discover_packages(ignore) using defaults
[0.200s] Level 1:colcon.colcon_core.package_discovery:discover_packages(path) discover
[0.200s] Level 1:colcon.colcon_core.package_discovery:discover_packages(path) using defaults
[0.219s] Level 1:colcon.colcon_core.package_discovery:discover_packages(prefix_path) check parameters
[0.219s] Level 1:colcon.colcon_core.package_discovery:discover_packages(prefix_path) discover
[0.222s] DEBUG:colcon.colcon_installed_package_information.package_discovery:Found 4 installed packages in /home/v120506/rmitbot_v4/lesson7_ws/install
[0.224s] DEBUG:colcon.colcon_installed_package_information.package_discovery:Found 444 installed packages in /opt/ros/jazzy
[0.225s] Level 1:colcon.colcon_core.package_discovery:discover_packages(prefix_path) using defaults
[0.269s] Level 5:colcon.colcon_core.verb:set package 'rmitbot_bringup' build argument 'cmake_args' from command line to 'None'
[0.269s] Level 5:colcon.colcon_core.verb:set package 'rmitbot_bringup' build argument 'cmake_target' from command line to 'None'
[0.269s] Level 5:colcon.colcon_core.verb:set package 'rmitbot_bringup' build argument 'cmake_target_skip_unavailable' from command line to 'False'
[0.269s] Level 5:colcon.colcon_core.verb:set package 'rmitbot_bringup' build argument 'cmake_clean_cache' from command line to 'False'
[0.269s] Level 5:colcon.colcon_core.verb:set package 'rmitbot_bringup' build argument 'cmake_clean_first' from command line to 'False'
[0.269s] Level 5:colcon.colcon_core.verb:set package 'rmitbot_bringup' build argument 'cmake_force_configure' from command line to 'False'
[0.269s] Level 5:colcon.colcon_core.verb:set package 'rmitbot_bringup' build argument 'ament_cmake_args' from command line to 'None'
[0.269s] Level 5:colcon.colcon_core.verb:set package 'rmitbot_bringup' build argument 'catkin_cmake_args' from command line to 'None'
[0.269s] Level 5:colcon.colcon_core.verb:set package 'rmitbot_bringup' build argument 'catkin_skip_building_tests' from command line to 'False'
[0.269s] DEBUG:colcon.colcon_core.verb:Building package 'rmitbot_bringup' with the following arguments: {'ament_cmake_args': None, 'build_base': '/home/v120506/rmitbot_v4/lesson7_ws/build/rmitbot_bringup', 'catkin_cmake_args': None, 'catkin_skip_building_tests': False, 'cmake_args': None, 'cmake_clean_cache': False, 'cmake_clean_first': False, 'cmake_force_configure': False, 'cmake_target': None, 'cmake_target_skip_unavailable': False, 'install_base': '/home/v120506/rmitbot_v4/lesson7_ws/install/rmitbot_bringup', 'merge_install': False, 'path': '/home/v120506/rmitbot_v4/lesson7_ws/src/rmitbot_bringup', 'symlink_install': False, 'test_result_base': None}
[0.269s] Level 5:colcon.colcon_core.verb:set package 'rmitbot_controller' build argument 'cmake_args' from command line to 'None'
[0.269s] Level 5:colcon.colcon_core.verb:set package 'rmitbot_controller' build argument 'cmake_target' from command line to 'None'
[0.269s] Level 5:colcon.colcon_core.verb:set package 'rmitbot_controller' build argument 'cmake_target_skip_unavailable' from command line to 'False'
[0.269s] Level 5:colcon.colcon_core.verb:set package 'rmitbot_controller' build argument 'cmake_clean_cache' from command line to 'False'
[0.270s] Level 5:colcon.colcon_core.verb:set package 'rmitbot_controller' build argument 'cmake_clean_first' from command line to 'False'
[0.270s] Level 5:colcon.colcon_core.verb:set package 'rmitbot_controller' build argument 'cmake_force_configure' from command line to 'False'
[0.270s] Level 5:colcon.colcon_core.verb:set package 'rmitbot_controller' build argument 'ament_cmake_args' from command line to 'None'
[0.270s] Level 5:colcon.colcon_core.verb:set package 'rmitbot_controller' build argument 'catkin_cmake_args' from command line to 'None'
[0.270s] Level 5:colcon.colcon_core.verb:set package 'rmitbot_controller' build argument 'catkin_skip_building_tests' from command line to 'False'
[0.270s] DEBUG:colcon.colcon_core.verb:Building package 'rmitbot_controller' with the following arguments: {'ament_cmake_args': None, 'build_base': '/home/v120506/rmitbot_v4/lesson7_ws/build/rmitbot_controller', 'catkin_cmake_args': None, 'catkin_skip_building_tests': False, 'cmake_args': None, 'cmake_clean_cache': False, 'cmake_clean_first': False, 'cmake_force_configure': False, 'cmake_target': None, 'cmake_target_skip_unavailable': False, 'install_base': '/home/v120506/rmitbot_v4/lesson7_ws/install/rmitbot_controller', 'merge_install': False, 'path': '/home/v120506/rmitbot_v4/lesson7_ws/src/rmitbot_controller', 'symlink_install': False, 'test_result_base': None}
[0.270s] Level 5:colcon.colcon_core.verb:set package 'rmitbot_description' build argument 'cmake_args' from command line to 'None'
[0.270s] Level 5:colcon.colcon_core.verb:set package 'rmitbot_description' build argument 'cmake_target' from command line to 'None'
[0.270s] Level 5:colcon.colcon_core.verb:set package 'rmitbot_description' build argument 'cmake_target_skip_unavailable' from command line to 'False'
[0.270s] Level 5:colcon.colcon_core.verb:set package 'rmitbot_description' build argument 'cmake_clean_cache' from command line to 'False'
[0.270s] Level 5:colcon.colcon_core.verb:set package 'rmitbot_description' build argument 'cmake_clean_first' from command line to 'False'
[0.270s] Level 5:colcon.colcon_core.verb:set package 'rmitbot_description' build argument 'cmake_force_configure' from command line to 'False'
[0.270s] Level 5:colcon.colcon_core.verb:set package 'rmitbot_description' build argument 'ament_cmake_args' from command line to 'None'
[0.270s] Level 5:colcon.colcon_core.verb:set package 'rmitbot_description' build argument 'catkin_cmake_args' from command line to 'None'
[0.270s] Level 5:colcon.colcon_core.verb:set package 'rmitbot_description' build argument 'catkin_skip_building_tests' from command line to 'False'
[0.270s] DEBUG:colcon.colcon_core.verb:Building package 'rmitbot_description' with the following arguments: {'ament_cmake_args': None, 'build_base': '/home/v120506/rmitbot_v4/lesson7_ws/build/rmitbot_description', 'catkin_cmake_args': None, 'catkin_skip_building_tests': False, 'cmake_args': None, 'cmake_clean_cache': False, 'cmake_clean_first': False, 'cmake_force_configure': False, 'cmake_target': None, 'cmake_target_skip_unavailable': False, 'install_base': '/home/v120506/rmitbot_v4/lesson7_ws/install/rmitbot_description', 'merge_install': False, 'path': '/home/v120506/rmitbot_v4/lesson7_ws/src/rmitbot_description', 'symlink_install': False, 'test_result_base': None}
[0.270s] Level 5:colcon.colcon_core.verb:set package 'rmitbot_firmware' build argument 'cmake_args' from command line to 'None'
[0.270s] Level 5:colcon.colcon_core.verb:set package 'rmitbot_firmware' build argument 'cmake_target' from command line to 'None'
[0.270s] Level 5:colcon.colcon_core.verb:set package 'rmitbot_firmware' build argument 'cmake_target_skip_unavailable' from command line to 'False'
[0.270s] Level 5:colcon.colcon_core.verb:set package 'rmitbot_firmware' build argument 'cmake_clean_cache' from command line to 'False'
[0.270s] Level 5:colcon.colcon_core.verb:set package 'rmitbot_firmware' build argument 'cmake_clean_first' from command line to 'False'
[0.270s] Level 5:colcon.colcon_core.verb:set package 'rmitbot_firmware' build argument 'cmake_force_configure' from command line to 'False'
[0.270s] Level 5:colcon.colcon_core.verb:set package 'rmitbot_firmware' build argument 'ament_cmake_args' from command line to 'None'
[0.270s] Level 5:colcon.colcon_core.verb:set package 'rmitbot_firmware' build argument 'catkin_cmake_args' from command line to 'None'
[0.270s] Level 5:colcon.colcon_core.verb:set package 'rmitbot_firmware' build argument 'catkin_skip_building_tests' from command line to 'False'
[0.270s] DEBUG:colcon.colcon_core.verb:Building package 'rmitbot_firmware' with the following arguments: {'ament_cmake_args': None, 'build_base': '/home/v120506/rmitbot_v4/lesson7_ws/build/rmitbot_firmware', 'catkin_cmake_args': None, 'catkin_skip_building_tests': False, 'cmake_args': None, 'cmake_clean_cache': False, 'cmake_clean_first': False, 'cmake_force_configure': False, 'cmake_target': None, 'cmake_target_skip_unavailable': False, 'install_base': '/home/v120506/rmitbot_v4/lesson7_ws/install/rmitbot_firmware', 'merge_install': False, 'path': '/home/v120506/rmitbot_v4/lesson7_ws/src/rmitbot_firmware', 'symlink_install': False, 'test_result_base': None}
[0.270s] INFO:colcon.colcon_core.executor:Executing jobs using 'parallel' executor
[0.271s] DEBUG:colcon.colcon_parallel_executor.executor.parallel:run_until_complete
[0.271s] INFO:colcon.colcon_ros.task.ament_cmake.build:Building ROS package in '/home/v120506/rmitbot_v4/lesson7_ws/src/rmitbot_bringup' with build type 'ament_cmake'
[0.271s] INFO:colcon.colcon_cmake.task.cmake.build:Building CMake package in '/home/v120506/rmitbot_v4/lesson7_ws/src/rmitbot_bringup'
[0.276s] INFO:colcon.colcon_core.plugin_system:Skipping extension 'colcon_core.shell.bat': Not used on non-Windows systems
[0.276s] INFO:colcon.colcon_core.shell:Skip shell extension 'powershell' for command environment: Not usable outside of PowerShell
[0.276s] DEBUG:colcon.colcon_core.shell:Skip shell extension 'dsv' for command environment
[0.282s] INFO:colcon.colcon_ros.task.ament_cmake.build:Building ROS package in '/home/v120506/rmitbot_v4/lesson7_ws/src/rmitbot_controller' with build type 'ament_cmake'
[0.282s] INFO:colcon.colcon_cmake.task.cmake.build:Building CMake package in '/home/v120506/rmitbot_v4/lesson7_ws/src/rmitbot_controller'
[0.282s] INFO:colcon.colcon_core.shell:Skip shell extension 'powershell' for command environment: Not usable outside of PowerShell
[0.282s] DEBUG:colcon.colcon_core.shell:Skip shell extension 'dsv' for command environment
[0.285s] INFO:colcon.colcon_ros.task.ament_cmake.build:Building ROS package in '/home/v120506/rmitbot_v4/lesson7_ws/src/rmitbot_description' with build type 'ament_cmake'
[0.285s] INFO:colcon.colcon_cmake.task.cmake.build:Building CMake package in '/home/v120506/rmitbot_v4/lesson7_ws/src/rmitbot_description'
[0.285s] INFO:colcon.colcon_core.shell:Skip shell extension 'powershell' for command environment: Not usable outside of PowerShell
[0.285s] DEBUG:colcon.colcon_core.shell:Skip shell extension 'dsv' for command environment
[0.288s] INFO:colcon.colcon_ros.task.ament_cmake.build:Building ROS package in '/home/v120506/rmitbot_v4/lesson7_ws/src/rmitbot_firmware' with build type 'ament_cmake'
[0.288s] INFO:colcon.colcon_cmake.task.cmake.build:Building CMake package in '/home/v120506/rmitbot_v4/lesson7_ws/src/rmitbot_firmware'
[0.288s] INFO:colcon.colcon_core.shell:Skip shell extension 'powershell' for command environment: Not usable outside of PowerShell
[0.288s] DEBUG:colcon.colcon_core.shell:Skip shell extension 'dsv' for command environment
[0.296s] DEBUG:colcon.colcon_core.event_handler.log_command:Invoking command in '/home/v120506/rmitbot_v4/lesson7_ws/build/rmitbot_bringup': CMAKE_PREFIX_PATH=${CMAKE_PREFIX_PATH}:/opt/ros/jazzy DEBUGINFOD_URLS=https://debuginfod.ubuntu.com /usr/bin/cmake --build /home/v120506/rmitbot_v4/lesson7_ws/build/rmitbot_bringup -- -j8 -l8
[0.299s] DEBUG:colcon.colcon_core.event_handler.log_command:Invoking command in '/home/v120506/rmitbot_v4/lesson7_ws/build/rmitbot_controller': CMAKE_PREFIX_PATH=${CMAKE_PREFIX_PATH}:/opt/ros/jazzy DEBUGINFOD_URLS=https://debuginfod.ubuntu.com /usr/bin/cmake --build /home/v120506/rmitbot_v4/lesson7_ws/build/rmitbot_controller -- -j8 -l8
[0.301s] DEBUG:colcon.colcon_core.event_handler.log_command:Invoking command in '/home/v120506/rmitbot_v4/lesson7_ws/build/rmitbot_description': CMAKE_PREFIX_PATH=${CMAKE_PREFIX_PATH}:/opt/ros/jazzy DEBUGINFOD_URLS=https://debuginfod.ubuntu.com /usr/bin/cmake --build /home/v120506/rmitbot_v4/lesson7_ws/build/rmitbot_description -- -j8 -l8
[0.308s] DEBUG:colcon.colcon_core.event_handler.log_command:Invoking command in '/home/v120506/rmitbot_v4/lesson7_ws/build/rmitbot_firmware': CMAKE_PREFIX_PATH=${CMAKE_PREFIX_PATH}:/opt/ros/jazzy DEBUGINFOD_URLS=https://debuginfod.ubuntu.com /usr/bin/cmake --build /home/v120506/rmitbot_v4/lesson7_ws/build/rmitbot_firmware -- -j8 -l8
[0.341s] DEBUG:colcon.colcon_core.event_handler.log_command:Invoked command in '/home/v120506/rmitbot_v4/lesson7_ws/build/rmitbot_controller' returned '0': CMAKE_PREFIX_PATH=${CMAKE_PREFIX_PATH}:/opt/ros/jazzy DEBUGINFOD_URLS=https://debuginfod.ubuntu.com /usr/bin/cmake --build /home/v120506/rmitbot_v4/lesson7_ws/build/rmitbot_controller -- -j8 -l8
[0.350s] DEBUG:colcon.colcon_core.event_handler.log_command:Invoking command in '/home/v120506/rmitbot_v4/lesson7_ws/build/rmitbot_controller': CMAKE_PREFIX_PATH=${CMAKE_PREFIX_PATH}:/opt/ros/jazzy DEBUGINFOD_URLS=https://debuginfod.ubuntu.com /usr/bin/cmake --install /home/v120506/rmitbot_v4/lesson7_ws/build/rmitbot_controller
[0.351s] DEBUG:colcon.colcon_core.event_handler.log_command:Invoked command in '/home/v120506/rmitbot_v4/lesson7_ws/build/rmitbot_bringup' returned '0': CMAKE_PREFIX_PATH=${CMAKE_PREFIX_PATH}:/opt/ros/jazzy DEBUGINFOD_URLS=https://debuginfod.ubuntu.com /usr/bin/cmake --build /home/v120506/rmitbot_v4/lesson7_ws/build/rmitbot_bringup -- -j8 -l8
[0.352s] DEBUG:colcon.colcon_core.event_handler.log_command:Invoking command in '/home/v120506/rmitbot_v4/lesson7_ws/build/rmitbot_bringup': CMAKE_PREFIX_PATH=${CMAKE_PREFIX_PATH}:/opt/ros/jazzy DEBUGINFOD_URLS=https://debuginfod.ubuntu.com /usr/bin/cmake --install /home/v120506/rmitbot_v4/lesson7_ws/build/rmitbot_bringup
[0.353s] DEBUG:colcon.colcon_core.event_handler.log_command:Invoked command in '/home/v120506/rmitbot_v4/lesson7_ws/build/rmitbot_description' returned '0': CMAKE_PREFIX_PATH=${CMAKE_PREFIX_PATH}:/opt/ros/jazzy DEBUGINFOD_URLS=https://debuginfod.ubuntu.com /usr/bin/cmake --build /home/v120506/rmitbot_v4/lesson7_ws/build/rmitbot_description -- -j8 -l8
[0.354s] DEBUG:colcon.colcon_core.event_handler.log_command:Invoking command in '/home/v120506/rmitbot_v4/lesson7_ws/build/rmitbot_description': CMAKE_PREFIX_PATH=${CMAKE_PREFIX_PATH}:/opt/ros/jazzy DEBUGINFOD_URLS=https://debuginfod.ubuntu.com /usr/bin/cmake --install /home/v120506/rmitbot_v4/lesson7_ws/build/rmitbot_description
[0.368s] Level 1:colcon.colcon_core.environment:create_environment_scripts_only(rmitbot_controller)
[0.369s] DEBUG:colcon.colcon_core.event_handler.log_command:Invoked command in '/home/v120506/rmitbot_v4/lesson7_ws/build/rmitbot_controller' returned '0': CMAKE_PREFIX_PATH=${CMAKE_PREFIX_PATH}:/opt/ros/jazzy DEBUGINFOD_URLS=https://debuginfod.ubuntu.com /usr/bin/cmake --install /home/v120506/rmitbot_v4/lesson7_ws/build/rmitbot_controller
[0.374s] Level 1:colcon.colcon_core.environment:checking '/home/v120506/rmitbot_v4/lesson7_ws/install/rmitbot_controller' for CMake module files
[0.374s] Level 1:colcon.colcon_core.environment:checking '/home/v120506/rmitbot_v4/lesson7_ws/install/rmitbot_controller' for CMake config files
[0.375s] Level 1:colcon.colcon_core.shell:create_environment_hook('rmitbot_controller', 'cmake_prefix_path')
[0.375s] INFO:colcon.colcon_core.shell:Creating environment hook '/home/v120506/rmitbot_v4/lesson7_ws/install/rmitbot_controller/share/rmitbot_controller/hook/cmake_prefix_path.ps1'
[0.376s] INFO:colcon.colcon_core.shell:Creating environment descriptor '/home/v120506/rmitbot_v4/lesson7_ws/install/rmitbot_controller/share/rmitbot_controller/hook/cmake_prefix_path.dsv'
[0.377s] INFO:colcon.colcon_core.shell:Creating environment hook '/home/v120506/rmitbot_v4/lesson7_ws/install/rmitbot_controller/share/rmitbot_controller/hook/cmake_prefix_path.sh'
[0.379s] Level 1:colcon.colcon_core.environment:checking '/home/v120506/rmitbot_v4/lesson7_ws/install/rmitbot_controller/bin'
[0.379s] Level 1:colcon.colcon_core.environment:checking '/home/v120506/rmitbot_v4/lesson7_ws/install/rmitbot_controller/lib/pkgconfig/rmitbot_controller.pc'
[0.381s] Level 1:colcon.colcon_core.environment:checking '/home/v120506/rmitbot_v4/lesson7_ws/install/rmitbot_controller/lib/python3.12/site-packages'
[0.381s] Level 1:colcon.colcon_core.environment:checking '/home/v120506/rmitbot_v4/lesson7_ws/install/rmitbot_controller/bin'
[0.382s] INFO:colcon.colcon_core.shell:Creating package script '/home/v120506/rmitbot_v4/lesson7_ws/install/rmitbot_controller/share/rmitbot_controller/package.ps1'
[0.383s] INFO:colcon.colcon_core.shell:Creating package descriptor '/home/v120506/rmitbot_v4/lesson7_ws/install/rmitbot_controller/share/rmitbot_controller/package.dsv'
[0.384s] INFO:colcon.colcon_core.shell:Creating package script '/home/v120506/rmitbot_v4/lesson7_ws/install/rmitbot_controller/share/rmitbot_controller/package.sh'
[0.387s] INFO:colcon.colcon_core.shell:Creating package script '/home/v120506/rmitbot_v4/lesson7_ws/install/rmitbot_controller/share/rmitbot_controller/package.bash'
[0.388s] INFO:colcon.colcon_core.shell:Creating package script '/home/v120506/rmitbot_v4/lesson7_ws/install/rmitbot_controller/share/rmitbot_controller/package.zsh'
[0.389s] Level 1:colcon.colcon_core.environment:create_file_with_runtime_dependencies(/home/v120506/rmitbot_v4/lesson7_ws/install/rmitbot_controller/share/colcon-core/packages/rmitbot_controller)
[0.389s] Level 1:colcon.colcon_core.environment:create_environment_scripts_only(rmitbot_controller)
[0.389s] Level 1:colcon.colcon_core.environment:checking '/home/v120506/rmitbot_v4/lesson7_ws/install/rmitbot_controller' for CMake module files
[0.390s] Level 1:colcon.colcon_core.environment:checking '/home/v120506/rmitbot_v4/lesson7_ws/install/rmitbot_controller' for CMake config files
[0.390s] Level 1:colcon.colcon_core.shell:create_environment_hook('rmitbot_controller', 'cmake_prefix_path')
[0.390s] INFO:colcon.colcon_core.shell:Creating environment hook '/home/v120506/rmitbot_v4/lesson7_ws/install/rmitbot_controller/share/rmitbot_controller/hook/cmake_prefix_path.ps1'
[0.390s] INFO:colcon.colcon_core.shell:Creating environment descriptor '/home/v120506/rmitbot_v4/lesson7_ws/install/rmitbot_controller/share/rmitbot_controller/hook/cmake_prefix_path.dsv'
[0.391s] INFO:colcon.colcon_core.shell:Creating environment hook '/home/v120506/rmitbot_v4/lesson7_ws/install/rmitbot_controller/share/rmitbot_controller/hook/cmake_prefix_path.sh'
[0.391s] Level 1:colcon.colcon_core.environment:checking '/home/v120506/rmitbot_v4/lesson7_ws/install/rmitbot_controller/bin'
[0.391s] Level 1:colcon.colcon_core.environment:checking '/home/v120506/rmitbot_v4/lesson7_ws/install/rmitbot_controller/lib/pkgconfig/rmitbot_controller.pc'
[0.391s] Level 1:colcon.colcon_core.environment:checking '/home/v120506/rmitbot_v4/lesson7_ws/install/rmitbot_controller/lib/python3.12/site-packages'
[0.392s] Level 1:colcon.colcon_core.environment:checking '/home/v120506/rmitbot_v4/lesson7_ws/install/rmitbot_controller/bin'
[0.392s] INFO:colcon.colcon_core.shell:Creating package script '/home/v120506/rmitbot_v4/lesson7_ws/install/rmitbot_controller/share/rmitbot_controller/package.ps1'
[0.392s] INFO:colcon.colcon_core.shell:Creating package descriptor '/home/v120506/rmitbot_v4/lesson7_ws/install/rmitbot_controller/share/rmitbot_controller/package.dsv'
[0.393s] INFO:colcon.colcon_core.shell:Creating package script '/home/v120506/rmitbot_v4/lesson7_ws/install/rmitbot_controller/share/rmitbot_controller/package.sh'
[0.393s] INFO:colcon.colcon_core.shell:Creating package script '/home/v120506/rmitbot_v4/lesson7_ws/install/rmitbot_controller/share/rmitbot_controller/package.bash'
[0.393s] INFO:colcon.colcon_core.shell:Creating package script '/home/v120506/rmitbot_v4/lesson7_ws/install/rmitbot_controller/share/rmitbot_controller/package.zsh'
[0.394s] Level 1:colcon.colcon_core.environment:create_file_with_runtime_dependencies(/home/v120506/rmitbot_v4/lesson7_ws/install/rmitbot_controller/share/colcon-core/packages/rmitbot_controller)
[0.394s] Level 1:colcon.colcon_core.environment:create_environment_scripts_only(rmitbot_bringup)
[0.394s] Level 1:colcon.colcon_core.environment:checking '/home/v120506/rmitbot_v4/lesson7_ws/install/rmitbot_bringup' for CMake module files
[0.396s] DEBUG:colcon.colcon_core.event_handler.log_command:Invoked command in '/home/v120506/rmitbot_v4/lesson7_ws/build/rmitbot_bringup' returned '0': CMAKE_PREFIX_PATH=${CMAKE_PREFIX_PATH}:/opt/ros/jazzy DEBUGINFOD_URLS=https://debuginfod.ubuntu.com /usr/bin/cmake --install /home/v120506/rmitbot_v4/lesson7_ws/build/rmitbot_bringup
[0.396s] Level 1:colcon.colcon_core.environment:checking '/home/v120506/rmitbot_v4/lesson7_ws/install/rmitbot_bringup' for CMake config files
[0.396s] Level 1:colcon.colcon_core.shell:create_environment_hook('rmitbot_bringup', 'cmake_prefix_path')
[0.396s] INFO:colcon.colcon_core.shell:Creating environment hook '/home/v120506/rmitbot_v4/lesson7_ws/install/rmitbot_bringup/share/rmitbot_bringup/hook/cmake_prefix_path.ps1'
[0.397s] INFO:colcon.colcon_core.shell:Creating environment descriptor '/home/v120506/rmitbot_v4/lesson7_ws/install/rmitbot_bringup/share/rmitbot_bringup/hook/cmake_prefix_path.dsv'
[0.397s] INFO:colcon.colcon_core.shell:Creating environment hook '/home/v120506/rmitbot_v4/lesson7_ws/install/rmitbot_bringup/share/rmitbot_bringup/hook/cmake_prefix_path.sh'
[0.398s] Level 1:colcon.colcon_core.environment:checking '/home/v120506/rmitbot_v4/lesson7_ws/install/rmitbot_bringup/bin'
[0.398s] Level 1:colcon.colcon_core.environment:checking '/home/v120506/rmitbot_v4/lesson7_ws/install/rmitbot_bringup/lib/pkgconfig/rmitbot_bringup.pc'
[0.398s] Level 1:colcon.colcon_core.environment:checking '/home/v120506/rmitbot_v4/lesson7_ws/install/rmitbot_bringup/lib/python3.12/site-packages'
[0.398s] Level 1:colcon.colcon_core.environment:checking '/home/v120506/rmitbot_v4/lesson7_ws/install/rmitbot_bringup/bin'
[0.399s] INFO:colcon.colcon_core.shell:Creating package script '/home/v120506/rmitbot_v4/lesson7_ws/install/rmitbot_bringup/share/rmitbot_bringup/package.ps1'
[0.399s] INFO:colcon.colcon_core.shell:Creating package descriptor '/home/v120506/rmitbot_v4/lesson7_ws/install/rmitbot_bringup/share/rmitbot_bringup/package.dsv'
[0.400s] INFO:colcon.colcon_core.shell:Creating package script '/home/v120506/rmitbot_v4/lesson7_ws/install/rmitbot_bringup/share/rmitbot_bringup/package.sh'
[0.400s] INFO:colcon.colcon_core.shell:Creating package script '/home/v120506/rmitbot_v4/lesson7_ws/install/rmitbot_bringup/share/rmitbot_bringup/package.bash'
[0.400s] INFO:colcon.colcon_core.shell:Creating package script '/home/v120506/rmitbot_v4/lesson7_ws/install/rmitbot_bringup/share/rmitbot_bringup/package.zsh'
[0.401s] Level 1:colcon.colcon_core.environment:create_file_with_runtime_dependencies(/home/v120506/rmitbot_v4/lesson7_ws/install/rmitbot_bringup/share/colcon-core/packages/rmitbot_bringup)
[0.401s] Level 1:colcon.colcon_core.environment:create_environment_scripts_only(rmitbot_bringup)
[0.401s] Level 1:colcon.colcon_core.environment:checking '/home/v120506/rmitbot_v4/lesson7_ws/install/rmitbot_bringup' for CMake module files
[0.401s] Level 1:colcon.colcon_core.environment:checking '/home/v120506/rmitbot_v4/lesson7_ws/install/rmitbot_bringup' for CMake config files
[0.402s] Level 1:colcon.colcon_core.shell:create_environment_hook('rmitbot_bringup', 'cmake_prefix_path')
[0.402s] INFO:colcon.colcon_core.shell:Creating environment hook '/home/v120506/rmitbot_v4/lesson7_ws/install/rmitbot_bringup/share/rmitbot_bringup/hook/cmake_prefix_path.ps1'
[0.402s] INFO:colcon.colcon_core.shell:Creating environment descriptor '/home/v120506/rmitbot_v4/lesson7_ws/install/rmitbot_bringup/share/rmitbot_bringup/hook/cmake_prefix_path.dsv'
[0.402s] INFO:colcon.colcon_core.shell:Creating environment hook '/home/v120506/rmitbot_v4/lesson7_ws/install/rmitbot_bringup/share/rmitbot_bringup/hook/cmake_prefix_path.sh'
[0.403s] Level 1:colcon.colcon_core.environment:checking '/home/v120506/rmitbot_v4/lesson7_ws/install/rmitbot_bringup/bin'
[0.403s] Level 1:colcon.colcon_core.environment:checking '/home/v120506/rmitbot_v4/lesson7_ws/install/rmitbot_bringup/lib/pkgconfig/rmitbot_bringup.pc'
[0.403s] Level 1:colcon.colcon_core.environment:checking '/home/v120506/rmitbot_v4/lesson7_ws/install/rmitbot_bringup/lib/python3.12/site-packages'
[0.404s] Level 1:colcon.colcon_core.environment:checking '/home/v120506/rmitbot_v4/lesson7_ws/install/rmitbot_bringup/bin'
[0.404s] INFO:colcon.colcon_core.shell:Creating package script '/home/v120506/rmitbot_v4/lesson7_ws/install/rmitbot_bringup/share/rmitbot_bringup/package.ps1'
[0.405s] INFO:colcon.colcon_core.shell:Creating package descriptor '/home/v120506/rmitbot_v4/lesson7_ws/install/rmitbot_bringup/share/rmitbot_bringup/package.dsv'
[0.405s] INFO:colcon.colcon_core.shell:Creating package script '/home/v120506/rmitbot_v4/lesson7_ws/install/rmitbot_bringup/share/rmitbot_bringup/package.sh'
[0.406s] INFO:colcon.colcon_core.shell:Creating package script '/home/v120506/rmitbot_v4/lesson7_ws/install/rmitbot_bringup/share/rmitbot_bringup/package.bash'
[0.406s] INFO:colcon.colcon_core.shell:Creating package script '/home/v120506/rmitbot_v4/lesson7_ws/install/rmitbot_bringup/share/rmitbot_bringup/package.zsh'
[0.406s] Level 1:colcon.colcon_core.environment:create_file_with_runtime_dependencies(/home/v120506/rmitbot_v4/lesson7_ws/install/rmitbot_bringup/share/colcon-core/packages/rmitbot_bringup)
[0.406s] Level 1:colcon.colcon_core.environment:create_environment_scripts_only(rmitbot_description)
[0.407s] Level 1:colcon.colcon_core.environment:checking '/home/v120506/rmitbot_v4/lesson7_ws/install/rmitbot_description' for CMake module files
[0.407s] Level 1:colcon.colcon_core.environment:checking '/home/v120506/rmitbot_v4/lesson7_ws/install/rmitbot_description' for CMake config files
[0.408s] DEBUG:colcon.colcon_core.event_handler.log_command:Invoked command in '/home/v120506/rmitbot_v4/lesson7_ws/build/rmitbot_description' returned '0': CMAKE_PREFIX_PATH=${CMAKE_PREFIX_PATH}:/opt/ros/jazzy DEBUGINFOD_URLS=https://debuginfod.ubuntu.com /usr/bin/cmake --install /home/v120506/rmitbot_v4/lesson7_ws/build/rmitbot_description
[0.408s] Level 1:colcon.colcon_core.shell:create_environment_hook('rmitbot_description', 'cmake_prefix_path')
[0.408s] INFO:colcon.colcon_core.shell:Creating environment hook '/home/v120506/rmitbot_v4/lesson7_ws/install/rmitbot_description/share/rmitbot_description/hook/cmake_prefix_path.ps1'
[0.408s] INFO:colcon.colcon_core.shell:Creating environment descriptor '/home/v120506/rmitbot_v4/lesson7_ws/install/rmitbot_description/share/rmitbot_description/hook/cmake_prefix_path.dsv'
[0.409s] INFO:colcon.colcon_core.shell:Creating environment hook '/home/v120506/rmitbot_v4/lesson7_ws/install/rmitbot_description/share/rmitbot_description/hook/cmake_prefix_path.sh'
[0.409s] Level 1:colcon.colcon_core.environment:checking '/home/v120506/rmitbot_v4/lesson7_ws/install/rmitbot_description/bin'
[0.409s] Level 1:colcon.colcon_core.environment:checking '/home/v120506/rmitbot_v4/lesson7_ws/install/rmitbot_description/lib/pkgconfig/rmitbot_description.pc'
[0.409s] Level 1:colcon.colcon_core.environment:checking '/home/v120506/rmitbot_v4/lesson7_ws/install/rmitbot_description/lib/python3.12/site-packages'
[0.410s] Level 1:colcon.colcon_core.environment:checking '/home/v120506/rmitbot_v4/lesson7_ws/install/rmitbot_description/bin'
[0.410s] INFO:colcon.colcon_core.shell:Creating package script '/home/v120506/rmitbot_v4/lesson7_ws/install/rmitbot_description/share/rmitbot_description/package.ps1'
[0.410s] INFO:colcon.colcon_core.shell:Creating package descriptor '/home/v120506/rmitbot_v4/lesson7_ws/install/rmitbot_description/share/rmitbot_description/package.dsv'
[0.411s] INFO:colcon.colcon_core.shell:Creating package script '/home/v120506/rmitbot_v4/lesson7_ws/install/rmitbot_description/share/rmitbot_description/package.sh'
[0.411s] INFO:colcon.colcon_core.shell:Creating package script '/home/v120506/rmitbot_v4/lesson7_ws/install/rmitbot_description/share/rmitbot_description/package.bash'
[0.411s] INFO:colcon.colcon_core.shell:Creating package script '/home/v120506/rmitbot_v4/lesson7_ws/install/rmitbot_description/share/rmitbot_description/package.zsh'
[0.411s] Level 1:colcon.colcon_core.environment:create_file_with_runtime_dependencies(/home/v120506/rmitbot_v4/lesson7_ws/install/rmitbot_description/share/colcon-core/packages/rmitbot_description)
[0.412s] Level 1:colcon.colcon_core.environment:create_environment_scripts_only(rmitbot_description)
[0.412s] Level 1:colcon.colcon_core.environment:checking '/home/v120506/rmitbot_v4/lesson7_ws/install/rmitbot_description' for CMake module files
[0.412s] Level 1:colcon.colcon_core.environment:checking '/home/v120506/rmitbot_v4/lesson7_ws/install/rmitbot_description' for CMake config files
[0.412s] Level 1:colcon.colcon_core.shell:create_environment_hook('rmitbot_description', 'cmake_prefix_path')
[0.413s] INFO:colcon.colcon_core.shell:Creating environment hook '/home/v120506/rmitbot_v4/lesson7_ws/install/rmitbot_description/share/rmitbot_description/hook/cmake_prefix_path.ps1'
[0.413s] INFO:colcon.colcon_core.shell:Creating environment descriptor '/home/v120506/rmitbot_v4/lesson7_ws/install/rmitbot_description/share/rmitbot_description/hook/cmake_prefix_path.dsv'
[0.413s] INFO:colcon.colcon_core.shell:Creating environment hook '/home/v120506/rmitbot_v4/lesson7_ws/install/rmitbot_description/share/rmitbot_description/hook/cmake_prefix_path.sh'
[0.414s] Level 1:colcon.colcon_core.environment:checking '/home/v120506/rmitbot_v4/lesson7_ws/install/rmitbot_description/bin'
[0.414s] Level 1:colcon.colcon_core.environment:checking '/home/v120506/rmitbot_v4/lesson7_ws/install/rmitbot_description/lib/pkgconfig/rmitbot_description.pc'
[0.414s] Level 1:colcon.colcon_core.environment:checking '/home/v120506/rmitbot_v4/lesson7_ws/install/rmitbot_description/lib/python3.12/site-packages'
[0.415s] Level 1:colcon.colcon_core.environment:checking '/home/v120506/rmitbot_v4/lesson7_ws/install/rmitbot_description/bin'
[0.415s] INFO:colcon.colcon_core.shell:Creating package script '/home/v120506/rmitbot_v4/lesson7_ws/install/rmitbot_description/share/rmitbot_description/package.ps1'
[0.416s] INFO:colcon.colcon_core.shell:Creating package descriptor '/home/v120506/rmitbot_v4/lesson7_ws/install/rmitbot_description/share/rmitbot_description/package.dsv'
[0.416s] INFO:colcon.colcon_core.shell:Creating package script '/home/v120506/rmitbot_v4/lesson7_ws/install/rmitbot_description/share/rmitbot_description/package.sh'
[0.416s] INFO:colcon.colcon_core.shell:Creating package script '/home/v120506/rmitbot_v4/lesson7_ws/install/rmitbot_description/share/rmitbot_description/package.bash'
[0.417s] INFO:colcon.colcon_core.shell:Creating package script '/home/v120506/rmitbot_v4/lesson7_ws/install/rmitbot_description/share/rmitbot_description/package.zsh'
[0.417s] Level 1:colcon.colcon_core.environment:create_file_with_runtime_dependencies(/home/v120506/rmitbot_v4/lesson7_ws/install/rmitbot_description/share/colcon-core/packages/rmitbot_description)
[5.938s] DEBUG:colcon.colcon_core.event_handler.log_command:Invoked command in '/home/v120506/rmitbot_v4/lesson7_ws/build/rmitbot_firmware' returned '0': CMAKE_PREFIX_PATH=${CMAKE_PREFIX_PATH}:/opt/ros/jazzy DEBUGINFOD_URLS=https://debuginfod.ubuntu.com /usr/bin/cmake --build /home/v120506/rmitbot_v4/lesson7_ws/build/rmitbot_firmware -- -j8 -l8
[5.939s] DEBUG:colcon.colcon_core.event_handler.log_command:Invoking command in '/home/v120506/rmitbot_v4/lesson7_ws/build/rmitbot_firmware': CMAKE_PREFIX_PATH=${CMAKE_PREFIX_PATH}:/opt/ros/jazzy DEBUGINFOD_URLS=https://debuginfod.ubuntu.com /usr/bin/cmake --install /home/v120506/rmitbot_v4/lesson7_ws/build/rmitbot_firmware
[5.949s] Level 1:colcon.colcon_core.environment:create_environment_scripts_only(rmitbot_firmware)
[5.949s] Level 1:colcon.colcon_core.environment:checking '/home/v120506/rmitbot_v4/lesson7_ws/install/rmitbot_firmware' for CMake module files
[5.950s] DEBUG:colcon.colcon_core.event_handler.log_command:Invoked command in '/home/v120506/rmitbot_v4/lesson7_ws/build/rmitbot_firmware' returned '0': CMAKE_PREFIX_PATH=${CMAKE_PREFIX_PATH}:/opt/ros/jazzy DEBUGINFOD_URLS=https://debuginfod.ubuntu.com /usr/bin/cmake --install /home/v120506/rmitbot_v4/lesson7_ws/build/rmitbot_firmware
[5.950s] Level 1:colcon.colcon_core.environment:checking '/home/v120506/rmitbot_v4/lesson7_ws/install/rmitbot_firmware' for CMake config files
[5.950s] Level 1:colcon.colcon_core.shell:create_environment_hook('rmitbot_firmware', 'cmake_prefix_path')
[5.950s] INFO:colcon.colcon_core.shell:Creating environment hook '/home/v120506/rmitbot_v4/lesson7_ws/install/rmitbot_firmware/share/rmitbot_firmware/hook/cmake_prefix_path.ps1'
[5.951s] INFO:colcon.colcon_core.shell:Creating environment descriptor '/home/v120506/rmitbot_v4/lesson7_ws/install/rmitbot_firmware/share/rmitbot_firmware/hook/cmake_prefix_path.dsv'
[5.951s] INFO:colcon.colcon_core.shell:Creating environment hook '/home/v120506/rmitbot_v4/lesson7_ws/install/rmitbot_firmware/share/rmitbot_firmware/hook/cmake_prefix_path.sh'
[5.951s] Level 1:colcon.colcon_core.environment:checking '/home/v120506/rmitbot_v4/lesson7_ws/install/rmitbot_firmware/lib'
[5.952s] Level 1:colcon.colcon_core.shell:create_environment_hook('rmitbot_firmware', 'ld_library_path_lib')
[5.952s] INFO:colcon.colcon_core.shell:Creating environment hook '/home/v120506/rmitbot_v4/lesson7_ws/install/rmitbot_firmware/share/rmitbot_firmware/hook/ld_library_path_lib.ps1'
[5.952s] INFO:colcon.colcon_core.shell:Creating environment descriptor '/home/v120506/rmitbot_v4/lesson7_ws/install/rmitbot_firmware/share/rmitbot_firmware/hook/ld_library_path_lib.dsv'
[5.952s] INFO:colcon.colcon_core.shell:Creating environment hook '/home/v120506/rmitbot_v4/lesson7_ws/install/rmitbot_firmware/share/rmitbot_firmware/hook/ld_library_path_lib.sh'
[5.953s] Level 1:colcon.colcon_core.environment:checking '/home/v120506/rmitbot_v4/lesson7_ws/install/rmitbot_firmware/bin'
[5.953s] Level 1:colcon.colcon_core.environment:checking '/home/v120506/rmitbot_v4/lesson7_ws/install/rmitbot_firmware/lib/pkgconfig/rmitbot_firmware.pc'
[5.953s] Level 1:colcon.colcon_core.environment:checking '/home/v120506/rmitbot_v4/lesson7_ws/install/rmitbot_firmware/lib/python3.12/site-packages'
[5.953s] Level 1:colcon.colcon_core.environment:checking '/home/v120506/rmitbot_v4/lesson7_ws/install/rmitbot_firmware/bin'
[5.953s] INFO:colcon.colcon_core.shell:Creating package script '/home/v120506/rmitbot_v4/lesson7_ws/install/rmitbot_firmware/share/rmitbot_firmware/package.ps1'
[5.954s] INFO:colcon.colcon_core.shell:Creating package descriptor '/home/v120506/rmitbot_v4/lesson7_ws/install/rmitbot_firmware/share/rmitbot_firmware/package.dsv'
[5.954s] INFO:colcon.colcon_core.shell:Creating package script '/home/v120506/rmitbot_v4/lesson7_ws/install/rmitbot_firmware/share/rmitbot_firmware/package.sh'
[5.954s] INFO:colcon.colcon_core.shell:Creating package script '/home/v120506/rmitbot_v4/lesson7_ws/install/rmitbot_firmware/share/rmitbot_firmware/package.bash'
[5.955s] INFO:colcon.colcon_core.shell:Creating package script '/home/v120506/rmitbot_v4/lesson7_ws/install/rmitbot_firmware/share/rmitbot_firmware/package.zsh'
[5.955s] Level 1:colcon.colcon_core.environment:create_file_with_runtime_dependencies(/home/v120506/rmitbot_v4/lesson7_ws/install/rmitbot_firmware/share/colcon-core/packages/rmitbot_firmware)
[5.955s] Level 1:colcon.colcon_core.environment:create_environment_scripts_only(rmitbot_firmware)
[5.955s] Level 1:colcon.colcon_core.environment:checking '/home/v120506/rmitbot_v4/lesson7_ws/install/rmitbot_firmware' for CMake module files
[5.956s] Level 1:colcon.colcon_core.environment:checking '/home/v120506/rmitbot_v4/lesson7_ws/install/rmitbot_firmware' for CMake config files
[5.956s] Level 1:colcon.colcon_core.shell:create_environment_hook('rmitbot_firmware', 'cmake_prefix_path')
[5.956s] INFO:colcon.colcon_core.shell:Creating environment hook '/home/v120506/rmitbot_v4/lesson7_ws/install/rmitbot_firmware/share/rmitbot_firmware/hook/cmake_prefix_path.ps1'
[5.956s] INFO:colcon.colcon_core.shell:Creating environment descriptor '/home/v120506/rmitbot_v4/lesson7_ws/install/rmitbot_firmware/share/rmitbot_firmware/hook/cmake_prefix_path.dsv'
[5.956s] INFO:colcon.colcon_core.shell:Creating environment hook '/home/v120506/rmitbot_v4/lesson7_ws/install/rmitbot_firmware/share/rmitbot_firmware/hook/cmake_prefix_path.sh'
[5.957s] Level 1:colcon.colcon_core.environment:checking '/home/v120506/rmitbot_v4/lesson7_ws/install/rmitbot_firmware/lib'
[5.957s] Level 1:colcon.colcon_core.shell:create_environment_hook('rmitbot_firmware', 'ld_library_path_lib')
[5.957s] INFO:colcon.colcon_core.shell:Creating environment hook '/home/v120506/rmitbot_v4/lesson7_ws/install/rmitbot_firmware/share/rmitbot_firmware/hook/ld_library_path_lib.ps1'
[5.957s] INFO:colcon.colcon_core.shell:Creating environment descriptor '/home/v120506/rmitbot_v4/lesson7_ws/install/rmitbot_firmware/share/rmitbot_firmware/hook/ld_library_path_lib.dsv'
[5.958s] INFO:colcon.colcon_core.shell:Creating environment hook '/home/v120506/rmitbot_v4/lesson7_ws/install/rmitbot_firmware/share/rmitbot_firmware/hook/ld_library_path_lib.sh'
[5.958s] Level 1:colcon.colcon_core.environment:checking '/home/v120506/rmitbot_v4/lesson7_ws/install/rmitbot_firmware/bin'
[5.958s] Level 1:colcon.colcon_core.environment:checking '/home/v120506/rmitbot_v4/lesson7_ws/install/rmitbot_firmware/lib/pkgconfig/rmitbot_firmware.pc'
[5.958s] Level 1:colcon.colcon_core.environment:checking '/home/v120506/rmitbot_v4/lesson7_ws/install/rmitbot_firmware/lib/python3.12/site-packages'
[5.959s] Level 1:colcon.colcon_core.environment:checking '/home/v120506/rmitbot_v4/lesson7_ws/install/rmitbot_firmware/bin'
[5.959s] INFO:colcon.colcon_core.shell:Creating package script '/home/v120506/rmitbot_v4/lesson7_ws/install/rmitbot_firmware/share/rmitbot_firmware/package.ps1'
[5.959s] INFO:colcon.colcon_core.shell:Creating package descriptor '/home/v120506/rmitbot_v4/lesson7_ws/install/rmitbot_firmware/share/rmitbot_firmware/package.dsv'
[5.960s] INFO:colcon.colcon_core.shell:Creating package script '/home/v120506/rmitbot_v4/lesson7_ws/install/rmitbot_firmware/share/rmitbot_firmware/package.sh'
[5.960s] INFO:colcon.colcon_core.shell:Creating package script '/home/v120506/rmitbot_v4/lesson7_ws/install/rmitbot_firmware/share/rmitbot_firmware/package.bash'
[5.961s] INFO:colcon.colcon_core.shell:Creating package script '/home/v120506/rmitbot_v4/lesson7_ws/install/rmitbot_firmware/share/rmitbot_firmware/package.zsh'
[5.961s] Level 1:colcon.colcon_core.environment:create_file_with_runtime_dependencies(/home/v120506/rmitbot_v4/lesson7_ws/install/rmitbot_firmware/share/colcon-core/packages/rmitbot_firmware)
[5.961s] DEBUG:colcon.colcon_parallel_executor.executor.parallel:closing loop
[5.961s] DEBUG:colcon.colcon_parallel_executor.executor.parallel:loop closed
[5.962s] DEBUG:colcon.colcon_parallel_executor.executor.parallel:run_until_complete finished with '0'
[5.962s] DEBUG:colcon.colcon_core.event_reactor:joining thread
[5.968s] INFO:colcon.colcon_core.plugin_system:Skipping extension 'colcon_notification.desktop_notification.terminal_notifier': Not used on non-Darwin systems
[5.968s] INFO:colcon.colcon_core.plugin_system:Skipping extension 'colcon_notification.desktop_notification.win32': Not used on non-Windows systems
[5.968s] INFO:colcon.colcon_notification.desktop_notification:Sending desktop notification using 'notify2'
[5.978s] DEBUG:colcon.colcon_core.event_reactor:joined thread
[5.978s] INFO:colcon.colcon_core.shell:Creating prefix script '/home/v120506/rmitbot_v4/lesson7_ws/install/local_setup.ps1'
[5.979s] INFO:colcon.colcon_core.shell:Creating prefix util module '/home/v120506/rmitbot_v4/lesson7_ws/install/_local_setup_util_ps1.py'
[5.981s] INFO:colcon.colcon_core.shell:Creating prefix chain script '/home/v120506/rmitbot_v4/lesson7_ws/install/setup.ps1'
[5.982s] INFO:colcon.colcon_core.shell:Creating prefix script '/home/v120506/rmitbot_v4/lesson7_ws/install/local_setup.sh'
[5.983s] INFO:colcon.colcon_core.shell:Creating prefix util module '/home/v120506/rmitbot_v4/lesson7_ws/install/_local_setup_util_sh.py'
[5.983s] INFO:colcon.colcon_core.shell:Creating prefix chain script '/home/v120506/rmitbot_v4/lesson7_ws/install/setup.sh'
[5.985s] INFO:colcon.colcon_core.shell:Creating prefix script '/home/v120506/rmitbot_v4/lesson7_ws/install/local_setup.bash'
[5.986s] INFO:colcon.colcon_core.shell:Creating prefix chain script '/home/v120506/rmitbot_v4/lesson7_ws/install/setup.bash'
[5.987s] INFO:colcon.colcon_core.shell:Creating prefix script '/home/v120506/rmitbot_v4/lesson7_ws/install/local_setup.zsh'
[5.988s] INFO:colcon.colcon_core.shell:Creating prefix chain script '/home/v120506/rmitbot_v4/lesson7_ws/install/setup.zsh'
