[0.084s] [34mcolcon[0m [1;30mDEBUG[0m [32mCommand line arguments: ['/usr/bin/colcon', 'build'][0m
[0.084s] [34mcolcon[0m [1;30mDEBUG[0m [32mParsed command line arguments: Namespace(log_base=None, log_level=None, verb_name='build', build_base='build', install_base='install', merge_install=False, symlink_install=False, test_result_base=None, continue_on_error=False, executor='parallel', parallel_workers=8, event_handlers=None, ignore_user_meta=False, metas=['./colcon.meta'], base_paths=['.'], packages_ignore=None, packages_ignore_regex=None, paths=None, packages_up_to=None, packages_up_to_regex=None, packages_above=None, packages_above_and_dependencies=None, packages_above_depth=None, packages_select_by_dep=None, packages_skip_by_dep=None, packages_skip_up_to=None, packages_select_build_failed=False, packages_skip_build_finished=False, packages_select_test_failures=False, packages_skip_test_passed=False, packages_select=None, packages_skip=None, packages_select_regex=None, packages_skip_regex=None, packages_start=None, packages_end=None, allow_overriding=[], cmake_args=None, cmake_target=None, cmake_target_skip_unavailable=False, cmake_clean_cache=False, cmake_clean_first=False, cmake_force_configure=False, ament_cmake_args=None, catkin_cmake_args=None, catkin_skip_building_tests=False, mixin_files=None, mixin=None, verb_parser=<colcon_mixin.mixin.mixin_argument.MixinArgumentDecorator object at 0x7ac6e0027710>, verb_extension=<colcon_core.verb.build.BuildVerb object at 0x7ac6e0c37860>, main=<bound method BuildVerb.main of <colcon_core.verb.build.BuildVerb object at 0x7ac6e0c37860>>, mixin_verb=('build',))[0m
[0.112s] [34mcolcon.colcon_core.package_discovery[0m [1;30mLevel 1[0m discover_packages(colcon_meta) check parameters
[0.112s] [34mcolcon.colcon_core.package_discovery[0m [1;30mLevel 1[0m discover_packages(recursive) check parameters
[0.112s] [34mcolcon.colcon_core.package_discovery[0m [1;30mLevel 1[0m discover_packages(ignore) check parameters
[0.112s] [34mcolcon.colcon_core.package_discovery[0m [1;30mLevel 1[0m discover_packages(path) check parameters
[0.112s] [34mcolcon.colcon_core.package_discovery[0m [1;30mLevel 1[0m discover_packages(colcon_meta) discover
[0.112s] [34mcolcon.colcon_core.package_discovery[0m [1;30mLevel 1[0m discover_packages(recursive) discover
[0.112s] [34mcolcon.colcon_core.package_discovery[0m [1;30mINFO[0m Crawling recursively for packages in '/home/v120506/rmitbot_v4/lesson7_ws'
[0.112s] [34mcolcon.colcon_core.package_identification[0m [1;30mLevel 1[0m _identify(.) by extensions ['ignore', 'ignore_ament_install']
[0.112s] [34mcolcon.colcon_core.package_identification[0m [1;30mLevel 1[0m _identify(.) by extension 'ignore'
[0.112s] [34mcolcon.colcon_core.package_identification[0m [1;30mLevel 1[0m _identify(.) by extension 'ignore_ament_install'
[0.112s] [34mcolcon.colcon_core.package_identification[0m [1;30mLevel 1[0m _identify(.) by extensions ['colcon_pkg']
[0.113s] [34mcolcon.colcon_core.package_identification[0m [1;30mLevel 1[0m _identify(.) by extension 'colcon_pkg'
[0.113s] [34mcolcon.colcon_core.package_identification[0m [1;30mLevel 1[0m _identify(.) by extensions ['colcon_meta']
[0.113s] [34mcolcon.colcon_core.package_identification[0m [1;30mLevel 1[0m _identify(.) by extension 'colcon_meta'
[0.113s] [34mcolcon.colcon_core.package_identification[0m [1;30mLevel 1[0m _identify(.) by extensions ['ros']
[0.113s] [34mcolcon.colcon_core.package_identification[0m [1;30mLevel 1[0m _identify(.) by extension 'ros'
[0.129s] [34mcolcon.colcon_core.package_identification[0m [1;30mLevel 1[0m _identify(.) by extensions ['cmake', 'python']
[0.130s] [34mcolcon.colcon_core.package_identification[0m [1;30mLevel 1[0m _identify(.) by extension 'cmake'
[0.130s] [34mcolcon.colcon_core.package_identification[0m [1;30mLevel 1[0m _identify(.) by extension 'python'
[0.130s] [34mcolcon.colcon_core.package_identification[0m [1;30mLevel 1[0m _identify(.) by extensions ['python_setup_py']
[0.130s] [34mcolcon.colcon_core.package_identification[0m [1;30mLevel 1[0m _identify(.) by extension 'python_setup_py'
[0.130s] [34mcolcon.colcon_core.package_identification[0m [1;30mLevel 1[0m _identify(build) by extensions ['ignore', 'ignore_ament_install']
[0.130s] [34mcolcon.colcon_core.package_identification[0m [1;30mLevel 1[0m _identify(build) by extension 'ignore'
[0.130s] [34mcolcon.colcon_core.package_identification[0m [1;30mLevel 1[0m _identify(build) ignored
[0.130s] [34mcolcon.colcon_core.package_identification[0m [1;30mLevel 1[0m _identify(install) by extensions ['ignore', 'ignore_ament_install']
[0.130s] [34mcolcon.colcon_core.package_identification[0m [1;30mLevel 1[0m _identify(install) by extension 'ignore'
[0.130s] [34mcolcon.colcon_core.package_identification[0m [1;30mLevel 1[0m _identify(install) ignored
[0.130s] [34mcolcon.colcon_core.package_identification[0m [1;30mLevel 1[0m _identify(log) by extensions ['ignore', 'ignore_ament_install']
[0.130s] [34mcolcon.colcon_core.package_identification[0m [1;30mLevel 1[0m _identify(log) by extension 'ignore'
[0.130s] [34mcolcon.colcon_core.package_identification[0m [1;30mLevel 1[0m _identify(log) ignored
[0.130s] [34mcolcon.colcon_core.package_identification[0m [1;30mLevel 1[0m _identify(src) by extensions ['ignore', 'ignore_ament_install']
[0.130s] [34mcolcon.colcon_core.package_identification[0m [1;30mLevel 1[0m _identify(src) by extension 'ignore'
[0.130s] [34mcolcon.colcon_core.package_identification[0m [1;30mLevel 1[0m _identify(src) by extension 'ignore_ament_install'
[0.131s] [34mcolcon.colcon_core.package_identification[0m [1;30mLevel 1[0m _identify(src) by extensions ['colcon_pkg']
[0.131s] [34mcolcon.colcon_core.package_identification[0m [1;30mLevel 1[0m _identify(src) by extension 'colcon_pkg'
[0.131s] [34mcolcon.colcon_core.package_identification[0m [1;30mLevel 1[0m _identify(src) by extensions ['colcon_meta']
[0.131s] [34mcolcon.colcon_core.package_identification[0m [1;30mLevel 1[0m _identify(src) by extension 'colcon_meta'
[0.131s] [34mcolcon.colcon_core.package_identification[0m [1;30mLevel 1[0m _identify(src) by extensions ['ros']
[0.131s] [34mcolcon.colcon_core.package_identification[0m [1;30mLevel 1[0m _identify(src) by extension 'ros'
[0.131s] [34mcolcon.colcon_core.package_identification[0m [1;30mLevel 1[0m _identify(src) by extensions ['cmake', 'python']
[0.131s] [34mcolcon.colcon_core.package_identification[0m [1;30mLevel 1[0m _identify(src) by extension 'cmake'
[0.131s] [34mcolcon.colcon_core.package_identification[0m [1;30mLevel 1[0m _identify(src) by extension 'python'
[0.131s] [34mcolcon.colcon_core.package_identification[0m [1;30mLevel 1[0m _identify(src) by extensions ['python_setup_py']
[0.131s] [34mcolcon.colcon_core.package_identification[0m [1;30mLevel 1[0m _identify(src) by extension 'python_setup_py'
[0.131s] [34mcolcon.colcon_core.package_identification[0m [1;30mLevel 1[0m _identify(src/rmitbot_bringup) by extensions ['ignore', 'ignore_ament_install']
[0.131s] [34mcolcon.colcon_core.package_identification[0m [1;30mLevel 1[0m _identify(src/rmitbot_bringup) by extension 'ignore'
[0.131s] [34mcolcon.colcon_core.package_identification[0m [1;30mLevel 1[0m _identify(src/rmitbot_bringup) by extension 'ignore_ament_install'
[0.131s] [34mcolcon.colcon_core.package_identification[0m [1;30mLevel 1[0m _identify(src/rmitbot_bringup) by extensions ['colcon_pkg']
[0.131s] [34mcolcon.colcon_core.package_identification[0m [1;30mLevel 1[0m _identify(src/rmitbot_bringup) by extension 'colcon_pkg'
[0.131s] [34mcolcon.colcon_core.package_identification[0m [1;30mLevel 1[0m _identify(src/rmitbot_bringup) by extensions ['colcon_meta']
[0.131s] [34mcolcon.colcon_core.package_identification[0m [1;30mLevel 1[0m _identify(src/rmitbot_bringup) by extension 'colcon_meta'
[0.131s] [34mcolcon.colcon_core.package_identification[0m [1;30mLevel 1[0m _identify(src/rmitbot_bringup) by extensions ['ros']
[0.131s] [34mcolcon.colcon_core.package_identification[0m [1;30mLevel 1[0m _identify(src/rmitbot_bringup) by extension 'ros'
[0.133s] [34mcolcon.colcon_core.package_identification[0m [1;30mDEBUG[0m [32mPackage 'src/rmitbot_bringup' with type 'ros.ament_cmake' and name 'rmitbot_bringup'[0m
[0.133s] [34mcolcon.colcon_core.package_identification[0m [1;30mLevel 1[0m _identify(src/rmitbot_controller) by extensions ['ignore', 'ignore_ament_install']
[0.133s] [34mcolcon.colcon_core.package_identification[0m [1;30mLevel 1[0m _identify(src/rmitbot_controller) by extension 'ignore'
[0.133s] [34mcolcon.colcon_core.package_identification[0m [1;30mLevel 1[0m _identify(src/rmitbot_controller) by extension 'ignore_ament_install'
[0.133s] [34mcolcon.colcon_core.package_identification[0m [1;30mLevel 1[0m _identify(src/rmitbot_controller) by extensions ['colcon_pkg']
[0.133s] [34mcolcon.colcon_core.package_identification[0m [1;30mLevel 1[0m _identify(src/rmitbot_controller) by extension 'colcon_pkg'
[0.133s] [34mcolcon.colcon_core.package_identification[0m [1;30mLevel 1[0m _identify(src/rmitbot_controller) by extensions ['colcon_meta']
[0.134s] [34mcolcon.colcon_core.package_identification[0m [1;30mLevel 1[0m _identify(src/rmitbot_controller) by extension 'colcon_meta'
[0.134s] [34mcolcon.colcon_core.package_identification[0m [1;30mLevel 1[0m _identify(src/rmitbot_controller) by extensions ['ros']
[0.134s] [34mcolcon.colcon_core.package_identification[0m [1;30mLevel 1[0m _identify(src/rmitbot_controller) by extension 'ros'
[0.134s] [34mcolcon.colcon_core.package_identification[0m [1;30mDEBUG[0m [32mPackage 'src/rmitbot_controller' with type 'ros.ament_cmake' and name 'rmitbot_controller'[0m
[0.134s] [34mcolcon.colcon_core.package_identification[0m [1;30mLevel 1[0m _identify(src/rmitbot_description) by extensions ['ignore', 'ignore_ament_install']
[0.134s] [34mcolcon.colcon_core.package_identification[0m [1;30mLevel 1[0m _identify(src/rmitbot_description) by extension 'ignore'
[0.134s] [34mcolcon.colcon_core.package_identification[0m [1;30mLevel 1[0m _identify(src/rmitbot_description) by extension 'ignore_ament_install'
[0.134s] [34mcolcon.colcon_core.package_identification[0m [1;30mLevel 1[0m _identify(src/rmitbot_description) by extensions ['colcon_pkg']
[0.134s] [34mcolcon.colcon_core.package_identification[0m [1;30mLevel 1[0m _identify(src/rmitbot_description) by extension 'colcon_pkg'
[0.134s] [34mcolcon.colcon_core.package_identification[0m [1;30mLevel 1[0m _identify(src/rmitbot_description) by extensions ['colcon_meta']
[0.134s] [34mcolcon.colcon_core.package_identification[0m [1;30mLevel 1[0m _identify(src/rmitbot_description) by extension 'colcon_meta'
[0.134s] [34mcolcon.colcon_core.package_identification[0m [1;30mLevel 1[0m _identify(src/rmitbot_description) by extensions ['ros']
[0.134s] [34mcolcon.colcon_core.package_identification[0m [1;30mLevel 1[0m _identify(src/rmitbot_description) by extension 'ros'
[0.135s] [34mcolcon.colcon_core.package_identification[0m [1;30mDEBUG[0m [32mPackage 'src/rmitbot_description' with type 'ros.ament_cmake' and name 'rmitbot_description'[0m
[0.135s] [34mcolcon.colcon_core.package_identification[0m [1;30mLevel 1[0m _identify(src/rmitbot_firmware) by extensions ['ignore', 'ignore_ament_install']
[0.135s] [34mcolcon.colcon_core.package_identification[0m [1;30mLevel 1[0m _identify(src/rmitbot_firmware) by extension 'ignore'
[0.135s] [34mcolcon.colcon_core.package_identification[0m [1;30mLevel 1[0m _identify(src/rmitbot_firmware) by extension 'ignore_ament_install'
[0.135s] [34mcolcon.colcon_core.package_identification[0m [1;30mLevel 1[0m _identify(src/rmitbot_firmware) by extensions ['colcon_pkg']
[0.135s] [34mcolcon.colcon_core.package_identification[0m [1;30mLevel 1[0m _identify(src/rmitbot_firmware) by extension 'colcon_pkg'
[0.135s] [34mcolcon.colcon_core.package_identification[0m [1;30mLevel 1[0m _identify(src/rmitbot_firmware) by extensions ['colcon_meta']
[0.135s] [34mcolcon.colcon_core.package_identification[0m [1;30mLevel 1[0m _identify(src/rmitbot_firmware) by extension 'colcon_meta'
[0.135s] [34mcolcon.colcon_core.package_identification[0m [1;30mLevel 1[0m _identify(src/rmitbot_firmware) by extensions ['ros']
[0.135s] [34mcolcon.colcon_core.package_identification[0m [1;30mLevel 1[0m _identify(src/rmitbot_firmware) by extension 'ros'
[0.136s] [34mcolcon.colcon_core.package_identification[0m [1;30mDEBUG[0m [32mPackage 'src/rmitbot_firmware' with type 'ros.ament_cmake' and name 'rmitbot_firmware'[0m
[0.136s] [34mcolcon.colcon_core.package_discovery[0m [1;30mLevel 1[0m discover_packages(recursive) using defaults
[0.136s] [34mcolcon.colcon_core.package_discovery[0m [1;30mLevel 1[0m discover_packages(ignore) discover
[0.136s] [34mcolcon.colcon_core.package_discovery[0m [1;30mLevel 1[0m discover_packages(ignore) using defaults
[0.136s] [34mcolcon.colcon_core.package_discovery[0m [1;30mLevel 1[0m discover_packages(path) discover
[0.136s] [34mcolcon.colcon_core.package_discovery[0m [1;30mLevel 1[0m discover_packages(path) using defaults
[0.148s] [34mcolcon.colcon_core.package_discovery[0m [1;30mLevel 1[0m discover_packages(prefix_path) check parameters
[0.148s] [34mcolcon.colcon_core.package_discovery[0m [1;30mLevel 1[0m discover_packages(prefix_path) discover
[0.150s] [34mcolcon.colcon_installed_package_information.package_discovery[0m [1;30mDEBUG[0m [32mFound 449 installed packages in /opt/ros/jazzy[0m
[0.151s] [34mcolcon.colcon_core.package_discovery[0m [1;30mLevel 1[0m discover_packages(prefix_path) using defaults
[0.192s] [34mcolcon.colcon_core.verb[0m [1;30mLevel 5[0m set package 'rmitbot_bringup' build argument 'cmake_args' from command line to 'None'
[0.192s] [34mcolcon.colcon_core.verb[0m [1;30mLevel 5[0m set package 'rmitbot_bringup' build argument 'cmake_target' from command line to 'None'
[0.192s] [34mcolcon.colcon_core.verb[0m [1;30mLevel 5[0m set package 'rmitbot_bringup' build argument 'cmake_target_skip_unavailable' from command line to 'False'
[0.192s] [34mcolcon.colcon_core.verb[0m [1;30mLevel 5[0m set package 'rmitbot_bringup' build argument 'cmake_clean_cache' from command line to 'False'
[0.192s] [34mcolcon.colcon_core.verb[0m [1;30mLevel 5[0m set package 'rmitbot_bringup' build argument 'cmake_clean_first' from command line to 'False'
[0.192s] [34mcolcon.colcon_core.verb[0m [1;30mLevel 5[0m set package 'rmitbot_bringup' build argument 'cmake_force_configure' from command line to 'False'
[0.192s] [34mcolcon.colcon_core.verb[0m [1;30mLevel 5[0m set package 'rmitbot_bringup' build argument 'ament_cmake_args' from command line to 'None'
[0.192s] [34mcolcon.colcon_core.verb[0m [1;30mLevel 5[0m set package 'rmitbot_bringup' build argument 'catkin_cmake_args' from command line to 'None'
[0.192s] [34mcolcon.colcon_core.verb[0m [1;30mLevel 5[0m set package 'rmitbot_bringup' build argument 'catkin_skip_building_tests' from command line to 'False'
[0.192s] [34mcolcon.colcon_core.verb[0m [1;30mDEBUG[0m [32mBuilding package 'rmitbot_bringup' with the following arguments: {'ament_cmake_args': None, 'build_base': '/home/v120506/rmitbot_v4/lesson7_ws/build/rmitbot_bringup', 'catkin_cmake_args': None, 'catkin_skip_building_tests': False, 'cmake_args': None, 'cmake_clean_cache': False, 'cmake_clean_first': False, 'cmake_force_configure': False, 'cmake_target': None, 'cmake_target_skip_unavailable': False, 'install_base': '/home/v120506/rmitbot_v4/lesson7_ws/install/rmitbot_bringup', 'merge_install': False, 'path': '/home/v120506/rmitbot_v4/lesson7_ws/src/rmitbot_bringup', 'symlink_install': False, 'test_result_base': None}[0m
[0.192s] [34mcolcon.colcon_core.verb[0m [1;30mLevel 5[0m set package 'rmitbot_controller' build argument 'cmake_args' from command line to 'None'
[0.192s] [34mcolcon.colcon_core.verb[0m [1;30mLevel 5[0m set package 'rmitbot_controller' build argument 'cmake_target' from command line to 'None'
[0.192s] [34mcolcon.colcon_core.verb[0m [1;30mLevel 5[0m set package 'rmitbot_controller' build argument 'cmake_target_skip_unavailable' from command line to 'False'
[0.192s] [34mcolcon.colcon_core.verb[0m [1;30mLevel 5[0m set package 'rmitbot_controller' build argument 'cmake_clean_cache' from command line to 'False'
[0.193s] [34mcolcon.colcon_core.verb[0m [1;30mLevel 5[0m set package 'rmitbot_controller' build argument 'cmake_clean_first' from command line to 'False'
[0.193s] [34mcolcon.colcon_core.verb[0m [1;30mLevel 5[0m set package 'rmitbot_controller' build argument 'cmake_force_configure' from command line to 'False'
[0.193s] [34mcolcon.colcon_core.verb[0m [1;30mLevel 5[0m set package 'rmitbot_controller' build argument 'ament_cmake_args' from command line to 'None'
[0.193s] [34mcolcon.colcon_core.verb[0m [1;30mLevel 5[0m set package 'rmitbot_controller' build argument 'catkin_cmake_args' from command line to 'None'
[0.193s] [34mcolcon.colcon_core.verb[0m [1;30mLevel 5[0m set package 'rmitbot_controller' build argument 'catkin_skip_building_tests' from command line to 'False'
[0.193s] [34mcolcon.colcon_core.verb[0m [1;30mDEBUG[0m [32mBuilding package 'rmitbot_controller' with the following arguments: {'ament_cmake_args': None, 'build_base': '/home/v120506/rmitbot_v4/lesson7_ws/build/rmitbot_controller', 'catkin_cmake_args': None, 'catkin_skip_building_tests': False, 'cmake_args': None, 'cmake_clean_cache': False, 'cmake_clean_first': False, 'cmake_force_configure': False, 'cmake_target': None, 'cmake_target_skip_unavailable': False, 'install_base': '/home/v120506/rmitbot_v4/lesson7_ws/install/rmitbot_controller', 'merge_install': False, 'path': '/home/v120506/rmitbot_v4/lesson7_ws/src/rmitbot_controller', 'symlink_install': False, 'test_result_base': None}[0m
[0.193s] [34mcolcon.colcon_core.verb[0m [1;30mLevel 5[0m set package 'rmitbot_description' build argument 'cmake_args' from command line to 'None'
[0.193s] [34mcolcon.colcon_core.verb[0m [1;30mLevel 5[0m set package 'rmitbot_description' build argument 'cmake_target' from command line to 'None'
[0.193s] [34mcolcon.colcon_core.verb[0m [1;30mLevel 5[0m set package 'rmitbot_description' build argument 'cmake_target_skip_unavailable' from command line to 'False'
[0.193s] [34mcolcon.colcon_core.verb[0m [1;30mLevel 5[0m set package 'rmitbot_description' build argument 'cmake_clean_cache' from command line to 'False'
[0.193s] [34mcolcon.colcon_core.verb[0m [1;30mLevel 5[0m set package 'rmitbot_description' build argument 'cmake_clean_first' from command line to 'False'
[0.193s] [34mcolcon.colcon_core.verb[0m [1;30mLevel 5[0m set package 'rmitbot_description' build argument 'cmake_force_configure' from command line to 'False'
[0.193s] [34mcolcon.colcon_core.verb[0m [1;30mLevel 5[0m set package 'rmitbot_description' build argument 'ament_cmake_args' from command line to 'None'
[0.193s] [34mcolcon.colcon_core.verb[0m [1;30mLevel 5[0m set package 'rmitbot_description' build argument 'catkin_cmake_args' from command line to 'None'
[0.193s] [34mcolcon.colcon_core.verb[0m [1;30mLevel 5[0m set package 'rmitbot_description' build argument 'catkin_skip_building_tests' from command line to 'False'
[0.193s] [34mcolcon.colcon_core.verb[0m [1;30mDEBUG[0m [32mBuilding package 'rmitbot_description' with the following arguments: {'ament_cmake_args': None, 'build_base': '/home/v120506/rmitbot_v4/lesson7_ws/build/rmitbot_description', 'catkin_cmake_args': None, 'catkin_skip_building_tests': False, 'cmake_args': None, 'cmake_clean_cache': False, 'cmake_clean_first': False, 'cmake_force_configure': False, 'cmake_target': None, 'cmake_target_skip_unavailable': False, 'install_base': '/home/v120506/rmitbot_v4/lesson7_ws/install/rmitbot_description', 'merge_install': False, 'path': '/home/v120506/rmitbot_v4/lesson7_ws/src/rmitbot_description', 'symlink_install': False, 'test_result_base': None}[0m
[0.193s] [34mcolcon.colcon_core.verb[0m [1;30mLevel 5[0m set package 'rmitbot_firmware' build argument 'cmake_args' from command line to 'None'
[0.193s] [34mcolcon.colcon_core.verb[0m [1;30mLevel 5[0m set package 'rmitbot_firmware' build argument 'cmake_target' from command line to 'None'
[0.193s] [34mcolcon.colcon_core.verb[0m [1;30mLevel 5[0m set package 'rmitbot_firmware' build argument 'cmake_target_skip_unavailable' from command line to 'False'
[0.193s] [34mcolcon.colcon_core.verb[0m [1;30mLevel 5[0m set package 'rmitbot_firmware' build argument 'cmake_clean_cache' from command line to 'False'
[0.193s] [34mcolcon.colcon_core.verb[0m [1;30mLevel 5[0m set package 'rmitbot_firmware' build argument 'cmake_clean_first' from command line to 'False'
[0.193s] [34mcolcon.colcon_core.verb[0m [1;30mLevel 5[0m set package 'rmitbot_firmware' build argument 'cmake_force_configure' from command line to 'False'
[0.193s] [34mcolcon.colcon_core.verb[0m [1;30mLevel 5[0m set package 'rmitbot_firmware' build argument 'ament_cmake_args' from command line to 'None'
[0.193s] [34mcolcon.colcon_core.verb[0m [1;30mLevel 5[0m set package 'rmitbot_firmware' build argument 'catkin_cmake_args' from command line to 'None'
[0.193s] [34mcolcon.colcon_core.verb[0m [1;30mLevel 5[0m set package 'rmitbot_firmware' build argument 'catkin_skip_building_tests' from command line to 'False'
[0.193s] [34mcolcon.colcon_core.verb[0m [1;30mDEBUG[0m [32mBuilding package 'rmitbot_firmware' with the following arguments: {'ament_cmake_args': None, 'build_base': '/home/v120506/rmitbot_v4/lesson7_ws/build/rmitbot_firmware', 'catkin_cmake_args': None, 'catkin_skip_building_tests': False, 'cmake_args': None, 'cmake_clean_cache': False, 'cmake_clean_first': False, 'cmake_force_configure': False, 'cmake_target': None, 'cmake_target_skip_unavailable': False, 'install_base': '/home/v120506/rmitbot_v4/lesson7_ws/install/rmitbot_firmware', 'merge_install': False, 'path': '/home/v120506/rmitbot_v4/lesson7_ws/src/rmitbot_firmware', 'symlink_install': False, 'test_result_base': None}[0m
[0.193s] [34mcolcon.colcon_core.executor[0m [1;30mINFO[0m Executing jobs using 'parallel' executor
[0.194s] [34mcolcon.colcon_parallel_executor.executor.parallel[0m [1;30mDEBUG[0m [32mrun_until_complete[0m
[0.194s] [34mcolcon.colcon_ros.task.ament_cmake.build[0m [1;30mINFO[0m Building ROS package in '/home/v120506/rmitbot_v4/lesson7_ws/src/rmitbot_bringup' with build type 'ament_cmake'
[0.194s] [34mcolcon.colcon_cmake.task.cmake.build[0m [1;30mINFO[0m Building CMake package in '/home/v120506/rmitbot_v4/lesson7_ws/src/rmitbot_bringup'
[0.196s] [34mcolcon.colcon_core.plugin_system[0m [1;30mINFO[0m Skipping extension 'colcon_core.shell.bat': Not used on non-Windows systems
[0.196s] [34mcolcon.colcon_core.shell[0m [1;30mINFO[0m Skip shell extension 'powershell' for command environment: Not usable outside of PowerShell
[0.196s] [34mcolcon.colcon_core.shell[0m [1;30mDEBUG[0m [32mSkip shell extension 'dsv' for command environment[0m
[0.199s] [34mcolcon.colcon_ros.task.ament_cmake.build[0m [1;30mINFO[0m Building ROS package in '/home/v120506/rmitbot_v4/lesson7_ws/src/rmitbot_controller' with build type 'ament_cmake'
[0.199s] [34mcolcon.colcon_cmake.task.cmake.build[0m [1;30mINFO[0m Building CMake package in '/home/v120506/rmitbot_v4/lesson7_ws/src/rmitbot_controller'
[0.200s] [34mcolcon.colcon_core.shell[0m [1;30mINFO[0m Skip shell extension 'powershell' for command environment: Not usable outside of PowerShell
[0.200s] [34mcolcon.colcon_core.shell[0m [1;30mDEBUG[0m [32mSkip shell extension 'dsv' for command environment[0m
[0.202s] [34mcolcon.colcon_ros.task.ament_cmake.build[0m [1;30mINFO[0m Building ROS package in '/home/v120506/rmitbot_v4/lesson7_ws/src/rmitbot_description' with build type 'ament_cmake'
[0.202s] [34mcolcon.colcon_cmake.task.cmake.build[0m [1;30mINFO[0m Building CMake package in '/home/v120506/rmitbot_v4/lesson7_ws/src/rmitbot_description'
[0.202s] [34mcolcon.colcon_core.shell[0m [1;30mINFO[0m Skip shell extension 'powershell' for command environment: Not usable outside of PowerShell
[0.202s] [34mcolcon.colcon_core.shell[0m [1;30mDEBUG[0m [32mSkip shell extension 'dsv' for command environment[0m
[0.205s] [34mcolcon.colcon_ros.task.ament_cmake.build[0m [1;30mINFO[0m Building ROS package in '/home/v120506/rmitbot_v4/lesson7_ws/src/rmitbot_firmware' with build type 'ament_cmake'
[0.205s] [34mcolcon.colcon_cmake.task.cmake.build[0m [1;30mINFO[0m Building CMake package in '/home/v120506/rmitbot_v4/lesson7_ws/src/rmitbot_firmware'
[0.205s] [34mcolcon.colcon_core.shell[0m [1;30mINFO[0m Skip shell extension 'powershell' for command environment: Not usable outside of PowerShell
[0.205s] [34mcolcon.colcon_core.shell[0m [1;30mDEBUG[0m [32mSkip shell extension 'dsv' for command environment[0m
[0.211s] [34mcolcon.colcon_core.event_handler.log_command[0m [1;30mDEBUG[0m [32mInvoking command in '/home/v120506/rmitbot_v4/lesson7_ws/build/rmitbot_bringup': CMAKE_PREFIX_PATH=${CMAKE_PREFIX_PATH}:/opt/ros/jazzy DEBUGINFOD_URLS=https://debuginfod.ubuntu.com /usr/bin/cmake --build /home/v120506/rmitbot_v4/lesson7_ws/build/rmitbot_bringup -- -j8 -l8[0m
[0.213s] [34mcolcon.colcon_core.event_handler.log_command[0m [1;30mDEBUG[0m [32mInvoking command in '/home/v120506/rmitbot_v4/lesson7_ws/build/rmitbot_controller': CMAKE_PREFIX_PATH=${CMAKE_PREFIX_PATH}:/opt/ros/jazzy DEBUGINFOD_URLS=https://debuginfod.ubuntu.com /usr/bin/cmake --build /home/v120506/rmitbot_v4/lesson7_ws/build/rmitbot_controller -- -j8 -l8[0m
[0.217s] [34mcolcon.colcon_core.event_handler.log_command[0m [1;30mDEBUG[0m [32mInvoking command in '/home/v120506/rmitbot_v4/lesson7_ws/build/rmitbot_description': CMAKE_PREFIX_PATH=${CMAKE_PREFIX_PATH}:/opt/ros/jazzy DEBUGINFOD_URLS=https://debuginfod.ubuntu.com /usr/bin/cmake --build /home/v120506/rmitbot_v4/lesson7_ws/build/rmitbot_description -- -j8 -l8[0m
[0.237s] [34mcolcon.colcon_core.event_handler.log_command[0m [1;30mDEBUG[0m [32mInvoking command in '/home/v120506/rmitbot_v4/lesson7_ws/build/rmitbot_firmware': CMAKE_PREFIX_PATH=${CMAKE_PREFIX_PATH}:/opt/ros/jazzy DEBUGINFOD_URLS=https://debuginfod.ubuntu.com /usr/bin/cmake --build /home/v120506/rmitbot_v4/lesson7_ws/build/rmitbot_firmware -- -j8 -l8[0m
[0.252s] [34mcolcon.colcon_core.event_handler.log_command[0m [1;30mDEBUG[0m [32mInvoked command in '/home/v120506/rmitbot_v4/lesson7_ws/build/rmitbot_description' returned '0': CMAKE_PREFIX_PATH=${CMAKE_PREFIX_PATH}:/opt/ros/jazzy DEBUGINFOD_URLS=https://debuginfod.ubuntu.com /usr/bin/cmake --build /home/v120506/rmitbot_v4/lesson7_ws/build/rmitbot_description -- -j8 -l8[0m
[0.260s] [34mcolcon.colcon_core.event_handler.log_command[0m [1;30mDEBUG[0m [32mInvoking command in '/home/v120506/rmitbot_v4/lesson7_ws/build/rmitbot_description': CMAKE_PREFIX_PATH=${CMAKE_PREFIX_PATH}:/opt/ros/jazzy DEBUGINFOD_URLS=https://debuginfod.ubuntu.com /usr/bin/cmake --install /home/v120506/rmitbot_v4/lesson7_ws/build/rmitbot_description[0m
[0.261s] [34mcolcon.colcon_core.event_handler.log_command[0m [1;30mDEBUG[0m [32mInvoked command in '/home/v120506/rmitbot_v4/lesson7_ws/build/rmitbot_bringup' returned '0': CMAKE_PREFIX_PATH=${CMAKE_PREFIX_PATH}:/opt/ros/jazzy DEBUGINFOD_URLS=https://debuginfod.ubuntu.com /usr/bin/cmake --build /home/v120506/rmitbot_v4/lesson7_ws/build/rmitbot_bringup -- -j8 -l8[0m
[0.262s] [34mcolcon.colcon_core.event_handler.log_command[0m [1;30mDEBUG[0m [32mInvoking command in '/home/v120506/rmitbot_v4/lesson7_ws/build/rmitbot_bringup': CMAKE_PREFIX_PATH=${CMAKE_PREFIX_PATH}:/opt/ros/jazzy DEBUGINFOD_URLS=https://debuginfod.ubuntu.com /usr/bin/cmake --install /home/v120506/rmitbot_v4/lesson7_ws/build/rmitbot_bringup[0m
[0.263s] [34mcolcon.colcon_core.event_handler.log_command[0m [1;30mDEBUG[0m [32mInvoked command in '/home/v120506/rmitbot_v4/lesson7_ws/build/rmitbot_controller' returned '0': CMAKE_PREFIX_PATH=${CMAKE_PREFIX_PATH}:/opt/ros/jazzy DEBUGINFOD_URLS=https://debuginfod.ubuntu.com /usr/bin/cmake --build /home/v120506/rmitbot_v4/lesson7_ws/build/rmitbot_controller -- -j8 -l8[0m
[0.264s] [34mcolcon.colcon_core.event_handler.log_command[0m [1;30mDEBUG[0m [32mInvoking command in '/home/v120506/rmitbot_v4/lesson7_ws/build/rmitbot_controller': CMAKE_PREFIX_PATH=${CMAKE_PREFIX_PATH}:/opt/ros/jazzy DEBUGINFOD_URLS=https://debuginfod.ubuntu.com /usr/bin/cmake --install /home/v120506/rmitbot_v4/lesson7_ws/build/rmitbot_controller[0m
[0.272s] [34mcolcon.colcon_core.environment[0m [1;30mLevel 1[0m create_environment_scripts_only(rmitbot_description)
[0.276s] [34mcolcon.colcon_core.event_handler.log_command[0m [1;30mDEBUG[0m [32mInvoked command in '/home/v120506/rmitbot_v4/lesson7_ws/build/rmitbot_description' returned '0': CMAKE_PREFIX_PATH=${CMAKE_PREFIX_PATH}:/opt/ros/jazzy DEBUGINFOD_URLS=https://debuginfod.ubuntu.com /usr/bin/cmake --install /home/v120506/rmitbot_v4/lesson7_ws/build/rmitbot_description[0m
[0.279s] [34mcolcon.colcon_core.environment[0m [1;30mLevel 1[0m checking '/home/v120506/rmitbot_v4/lesson7_ws/install/rmitbot_description' for CMake module files
[0.279s] [34mcolcon.colcon_core.environment[0m [1;30mLevel 1[0m checking '/home/v120506/rmitbot_v4/lesson7_ws/install/rmitbot_description' for CMake config files
[0.279s] [34mcolcon.colcon_core.shell[0m [1;30mLevel 1[0m create_environment_hook('rmitbot_description', 'cmake_prefix_path')
[0.280s] [34mcolcon.colcon_core.shell[0m [1;30mINFO[0m Creating environment hook '/home/v120506/rmitbot_v4/lesson7_ws/install/rmitbot_description/share/rmitbot_description/hook/cmake_prefix_path.ps1'
[0.280s] [34mcolcon.colcon_core.shell[0m [1;30mINFO[0m Creating environment descriptor '/home/v120506/rmitbot_v4/lesson7_ws/install/rmitbot_description/share/rmitbot_description/hook/cmake_prefix_path.dsv'
[0.280s] [34mcolcon.colcon_core.shell[0m [1;30mINFO[0m Creating environment hook '/home/v120506/rmitbot_v4/lesson7_ws/install/rmitbot_description/share/rmitbot_description/hook/cmake_prefix_path.sh'
[0.281s] [34mcolcon.colcon_core.environment[0m [1;30mLevel 1[0m checking '/home/v120506/rmitbot_v4/lesson7_ws/install/rmitbot_description/bin'
[0.281s] [34mcolcon.colcon_core.environment[0m [1;30mLevel 1[0m checking '/home/v120506/rmitbot_v4/lesson7_ws/install/rmitbot_description/lib/pkgconfig/rmitbot_description.pc'
[0.282s] [34mcolcon.colcon_core.environment[0m [1;30mLevel 1[0m checking '/home/v120506/rmitbot_v4/lesson7_ws/install/rmitbot_description/lib/python3.12/site-packages'
[0.282s] [34mcolcon.colcon_core.environment[0m [1;30mLevel 1[0m checking '/home/v120506/rmitbot_v4/lesson7_ws/install/rmitbot_description/bin'
[0.282s] [34mcolcon.colcon_core.shell[0m [1;30mINFO[0m Creating package script '/home/v120506/rmitbot_v4/lesson7_ws/install/rmitbot_description/share/rmitbot_description/package.ps1'
[0.283s] [34mcolcon.colcon_core.shell[0m [1;30mINFO[0m Creating package descriptor '/home/v120506/rmitbot_v4/lesson7_ws/install/rmitbot_description/share/rmitbot_description/package.dsv'
[0.283s] [34mcolcon.colcon_core.shell[0m [1;30mINFO[0m Creating package script '/home/v120506/rmitbot_v4/lesson7_ws/install/rmitbot_description/share/rmitbot_description/package.sh'
[0.283s] [34mcolcon.colcon_core.shell[0m [1;30mINFO[0m Creating package script '/home/v120506/rmitbot_v4/lesson7_ws/install/rmitbot_description/share/rmitbot_description/package.bash'
[0.284s] [34mcolcon.colcon_core.shell[0m [1;30mINFO[0m Creating package script '/home/v120506/rmitbot_v4/lesson7_ws/install/rmitbot_description/share/rmitbot_description/package.zsh'
[0.284s] [34mcolcon.colcon_core.environment[0m [1;30mLevel 1[0m create_file_with_runtime_dependencies(/home/v120506/rmitbot_v4/lesson7_ws/install/rmitbot_description/share/colcon-core/packages/rmitbot_description)
[0.285s] [34mcolcon.colcon_core.environment[0m [1;30mLevel 1[0m create_environment_scripts_only(rmitbot_description)
[0.285s] [34mcolcon.colcon_core.environment[0m [1;30mLevel 1[0m checking '/home/v120506/rmitbot_v4/lesson7_ws/install/rmitbot_description' for CMake module files
[0.285s] [34mcolcon.colcon_core.environment[0m [1;30mLevel 1[0m checking '/home/v120506/rmitbot_v4/lesson7_ws/install/rmitbot_description' for CMake config files
[0.286s] [34mcolcon.colcon_core.shell[0m [1;30mLevel 1[0m create_environment_hook('rmitbot_description', 'cmake_prefix_path')
[0.286s] [34mcolcon.colcon_core.shell[0m [1;30mINFO[0m Creating environment hook '/home/v120506/rmitbot_v4/lesson7_ws/install/rmitbot_description/share/rmitbot_description/hook/cmake_prefix_path.ps1'
[0.286s] [34mcolcon.colcon_core.shell[0m [1;30mINFO[0m Creating environment descriptor '/home/v120506/rmitbot_v4/lesson7_ws/install/rmitbot_description/share/rmitbot_description/hook/cmake_prefix_path.dsv'
[0.286s] [34mcolcon.colcon_core.shell[0m [1;30mINFO[0m Creating environment hook '/home/v120506/rmitbot_v4/lesson7_ws/install/rmitbot_description/share/rmitbot_description/hook/cmake_prefix_path.sh'
[0.287s] [34mcolcon.colcon_core.environment[0m [1;30mLevel 1[0m checking '/home/v120506/rmitbot_v4/lesson7_ws/install/rmitbot_description/bin'
[0.287s] [34mcolcon.colcon_core.environment[0m [1;30mLevel 1[0m checking '/home/v120506/rmitbot_v4/lesson7_ws/install/rmitbot_description/lib/pkgconfig/rmitbot_description.pc'
[0.287s] [34mcolcon.colcon_core.environment[0m [1;30mLevel 1[0m checking '/home/v120506/rmitbot_v4/lesson7_ws/install/rmitbot_description/lib/python3.12/site-packages'
[0.287s] [34mcolcon.colcon_core.environment[0m [1;30mLevel 1[0m checking '/home/v120506/rmitbot_v4/lesson7_ws/install/rmitbot_description/bin'
[0.287s] [34mcolcon.colcon_core.shell[0m [1;30mINFO[0m Creating package script '/home/v120506/rmitbot_v4/lesson7_ws/install/rmitbot_description/share/rmitbot_description/package.ps1'
[0.288s] [34mcolcon.colcon_core.shell[0m [1;30mINFO[0m Creating package descriptor '/home/v120506/rmitbot_v4/lesson7_ws/install/rmitbot_description/share/rmitbot_description/package.dsv'
[0.288s] [34mcolcon.colcon_core.shell[0m [1;30mINFO[0m Creating package script '/home/v120506/rmitbot_v4/lesson7_ws/install/rmitbot_description/share/rmitbot_description/package.sh'
[0.289s] [34mcolcon.colcon_core.shell[0m [1;30mINFO[0m Creating package script '/home/v120506/rmitbot_v4/lesson7_ws/install/rmitbot_description/share/rmitbot_description/package.bash'
[0.289s] [34mcolcon.colcon_core.shell[0m [1;30mINFO[0m Creating package script '/home/v120506/rmitbot_v4/lesson7_ws/install/rmitbot_description/share/rmitbot_description/package.zsh'
[0.289s] [34mcolcon.colcon_core.environment[0m [1;30mLevel 1[0m create_file_with_runtime_dependencies(/home/v120506/rmitbot_v4/lesson7_ws/install/rmitbot_description/share/colcon-core/packages/rmitbot_description)
[0.290s] [34mcolcon.colcon_core.environment[0m [1;30mLevel 1[0m create_environment_scripts_only(rmitbot_bringup)
[0.290s] [34mcolcon.colcon_core.environment[0m [1;30mLevel 1[0m checking '/home/v120506/rmitbot_v4/lesson7_ws/install/rmitbot_bringup' for CMake module files
[0.291s] [34mcolcon.colcon_core.event_handler.log_command[0m [1;30mDEBUG[0m [32mInvoked command in '/home/v120506/rmitbot_v4/lesson7_ws/build/rmitbot_bringup' returned '0': CMAKE_PREFIX_PATH=${CMAKE_PREFIX_PATH}:/opt/ros/jazzy DEBUGINFOD_URLS=https://debuginfod.ubuntu.com /usr/bin/cmake --install /home/v120506/rmitbot_v4/lesson7_ws/build/rmitbot_bringup[0m
[0.292s] [34mcolcon.colcon_core.environment[0m [1;30mLevel 1[0m checking '/home/v120506/rmitbot_v4/lesson7_ws/install/rmitbot_bringup' for CMake config files
[0.292s] [34mcolcon.colcon_core.shell[0m [1;30mLevel 1[0m create_environment_hook('rmitbot_bringup', 'cmake_prefix_path')
[0.292s] [34mcolcon.colcon_core.shell[0m [1;30mINFO[0m Creating environment hook '/home/v120506/rmitbot_v4/lesson7_ws/install/rmitbot_bringup/share/rmitbot_bringup/hook/cmake_prefix_path.ps1'
[0.292s] [34mcolcon.colcon_core.shell[0m [1;30mINFO[0m Creating environment descriptor '/home/v120506/rmitbot_v4/lesson7_ws/install/rmitbot_bringup/share/rmitbot_bringup/hook/cmake_prefix_path.dsv'
[0.293s] [34mcolcon.colcon_core.shell[0m [1;30mINFO[0m Creating environment hook '/home/v120506/rmitbot_v4/lesson7_ws/install/rmitbot_bringup/share/rmitbot_bringup/hook/cmake_prefix_path.sh'
[0.293s] [34mcolcon.colcon_core.environment[0m [1;30mLevel 1[0m checking '/home/v120506/rmitbot_v4/lesson7_ws/install/rmitbot_bringup/bin'
[0.293s] [34mcolcon.colcon_core.environment[0m [1;30mLevel 1[0m checking '/home/v120506/rmitbot_v4/lesson7_ws/install/rmitbot_bringup/lib/pkgconfig/rmitbot_bringup.pc'
[0.294s] [34mcolcon.colcon_core.environment[0m [1;30mLevel 1[0m checking '/home/v120506/rmitbot_v4/lesson7_ws/install/rmitbot_bringup/lib/python3.12/site-packages'
[0.294s] [34mcolcon.colcon_core.environment[0m [1;30mLevel 1[0m checking '/home/v120506/rmitbot_v4/lesson7_ws/install/rmitbot_bringup/bin'
[0.294s] [34mcolcon.colcon_core.shell[0m [1;30mINFO[0m Creating package script '/home/v120506/rmitbot_v4/lesson7_ws/install/rmitbot_bringup/share/rmitbot_bringup/package.ps1'
[0.295s] [34mcolcon.colcon_core.shell[0m [1;30mINFO[0m Creating package descriptor '/home/v120506/rmitbot_v4/lesson7_ws/install/rmitbot_bringup/share/rmitbot_bringup/package.dsv'
[0.295s] [34mcolcon.colcon_core.shell[0m [1;30mINFO[0m Creating package script '/home/v120506/rmitbot_v4/lesson7_ws/install/rmitbot_bringup/share/rmitbot_bringup/package.sh'
[0.295s] [34mcolcon.colcon_core.shell[0m [1;30mINFO[0m Creating package script '/home/v120506/rmitbot_v4/lesson7_ws/install/rmitbot_bringup/share/rmitbot_bringup/package.bash'
[0.296s] [34mcolcon.colcon_core.shell[0m [1;30mINFO[0m Creating package script '/home/v120506/rmitbot_v4/lesson7_ws/install/rmitbot_bringup/share/rmitbot_bringup/package.zsh'
[0.296s] [34mcolcon.colcon_core.environment[0m [1;30mLevel 1[0m create_file_with_runtime_dependencies(/home/v120506/rmitbot_v4/lesson7_ws/install/rmitbot_bringup/share/colcon-core/packages/rmitbot_bringup)
[0.297s] [34mcolcon.colcon_core.environment[0m [1;30mLevel 1[0m create_environment_scripts_only(rmitbot_bringup)
[0.297s] [34mcolcon.colcon_core.environment[0m [1;30mLevel 1[0m checking '/home/v120506/rmitbot_v4/lesson7_ws/install/rmitbot_bringup' for CMake module files
[0.297s] [34mcolcon.colcon_core.environment[0m [1;30mLevel 1[0m checking '/home/v120506/rmitbot_v4/lesson7_ws/install/rmitbot_bringup' for CMake config files
[0.298s] [34mcolcon.colcon_core.shell[0m [1;30mLevel 1[0m create_environment_hook('rmitbot_bringup', 'cmake_prefix_path')
[0.298s] [34mcolcon.colcon_core.shell[0m [1;30mINFO[0m Creating environment hook '/home/v120506/rmitbot_v4/lesson7_ws/install/rmitbot_bringup/share/rmitbot_bringup/hook/cmake_prefix_path.ps1'
[0.298s] [34mcolcon.colcon_core.shell[0m [1;30mINFO[0m Creating environment descriptor '/home/v120506/rmitbot_v4/lesson7_ws/install/rmitbot_bringup/share/rmitbot_bringup/hook/cmake_prefix_path.dsv'
[0.298s] [34mcolcon.colcon_core.shell[0m [1;30mINFO[0m Creating environment hook '/home/v120506/rmitbot_v4/lesson7_ws/install/rmitbot_bringup/share/rmitbot_bringup/hook/cmake_prefix_path.sh'
[0.299s] [34mcolcon.colcon_core.environment[0m [1;30mLevel 1[0m checking '/home/v120506/rmitbot_v4/lesson7_ws/install/rmitbot_bringup/bin'
[0.299s] [34mcolcon.colcon_core.environment[0m [1;30mLevel 1[0m checking '/home/v120506/rmitbot_v4/lesson7_ws/install/rmitbot_bringup/lib/pkgconfig/rmitbot_bringup.pc'
[0.299s] [34mcolcon.colcon_core.environment[0m [1;30mLevel 1[0m checking '/home/v120506/rmitbot_v4/lesson7_ws/install/rmitbot_bringup/lib/python3.12/site-packages'
[0.300s] [34mcolcon.colcon_core.environment[0m [1;30mLevel 1[0m checking '/home/v120506/rmitbot_v4/lesson7_ws/install/rmitbot_bringup/bin'
[0.300s] [34mcolcon.colcon_core.shell[0m [1;30mINFO[0m Creating package script '/home/v120506/rmitbot_v4/lesson7_ws/install/rmitbot_bringup/share/rmitbot_bringup/package.ps1'
[0.300s] [34mcolcon.colcon_core.shell[0m [1;30mINFO[0m Creating package descriptor '/home/v120506/rmitbot_v4/lesson7_ws/install/rmitbot_bringup/share/rmitbot_bringup/package.dsv'
[0.301s] [34mcolcon.colcon_core.shell[0m [1;30mINFO[0m Creating package script '/home/v120506/rmitbot_v4/lesson7_ws/install/rmitbot_bringup/share/rmitbot_bringup/package.sh'
[0.301s] [34mcolcon.colcon_core.shell[0m [1;30mINFO[0m Creating package script '/home/v120506/rmitbot_v4/lesson7_ws/install/rmitbot_bringup/share/rmitbot_bringup/package.bash'
[0.301s] [34mcolcon.colcon_core.shell[0m [1;30mINFO[0m Creating package script '/home/v120506/rmitbot_v4/lesson7_ws/install/rmitbot_bringup/share/rmitbot_bringup/package.zsh'
[0.301s] [34mcolcon.colcon_core.environment[0m [1;30mLevel 1[0m create_file_with_runtime_dependencies(/home/v120506/rmitbot_v4/lesson7_ws/install/rmitbot_bringup/share/colcon-core/packages/rmitbot_bringup)
[0.302s] [34mcolcon.colcon_core.environment[0m [1;30mLevel 1[0m create_environment_scripts_only(rmitbot_controller)
[0.302s] [34mcolcon.colcon_core.environment[0m [1;30mLevel 1[0m checking '/home/v120506/rmitbot_v4/lesson7_ws/install/rmitbot_controller' for CMake module files
[0.303s] [34mcolcon.colcon_core.environment[0m [1;30mLevel 1[0m checking '/home/v120506/rmitbot_v4/lesson7_ws/install/rmitbot_controller' for CMake config files
[0.303s] [34mcolcon.colcon_core.event_handler.log_command[0m [1;30mDEBUG[0m [32mInvoked command in '/home/v120506/rmitbot_v4/lesson7_ws/build/rmitbot_controller' returned '0': CMAKE_PREFIX_PATH=${CMAKE_PREFIX_PATH}:/opt/ros/jazzy DEBUGINFOD_URLS=https://debuginfod.ubuntu.com /usr/bin/cmake --install /home/v120506/rmitbot_v4/lesson7_ws/build/rmitbot_controller[0m
[0.303s] [34mcolcon.colcon_core.shell[0m [1;30mLevel 1[0m create_environment_hook('rmitbot_controller', 'cmake_prefix_path')
[0.303s] [34mcolcon.colcon_core.shell[0m [1;30mINFO[0m Creating environment hook '/home/v120506/rmitbot_v4/lesson7_ws/install/rmitbot_controller/share/rmitbot_controller/hook/cmake_prefix_path.ps1'
[0.303s] [34mcolcon.colcon_core.shell[0m [1;30mINFO[0m Creating environment descriptor '/home/v120506/rmitbot_v4/lesson7_ws/install/rmitbot_controller/share/rmitbot_controller/hook/cmake_prefix_path.dsv'
[0.303s] [34mcolcon.colcon_core.shell[0m [1;30mINFO[0m Creating environment hook '/home/v120506/rmitbot_v4/lesson7_ws/install/rmitbot_controller/share/rmitbot_controller/hook/cmake_prefix_path.sh'
[0.304s] [34mcolcon.colcon_core.environment[0m [1;30mLevel 1[0m checking '/home/v120506/rmitbot_v4/lesson7_ws/install/rmitbot_controller/bin'
[0.304s] [34mcolcon.colcon_core.environment[0m [1;30mLevel 1[0m checking '/home/v120506/rmitbot_v4/lesson7_ws/install/rmitbot_controller/lib/pkgconfig/rmitbot_controller.pc'
[0.304s] [34mcolcon.colcon_core.environment[0m [1;30mLevel 1[0m checking '/home/v120506/rmitbot_v4/lesson7_ws/install/rmitbot_controller/lib/python3.12/site-packages'
[0.304s] [34mcolcon.colcon_core.environment[0m [1;30mLevel 1[0m checking '/home/v120506/rmitbot_v4/lesson7_ws/install/rmitbot_controller/bin'
[0.304s] [34mcolcon.colcon_core.shell[0m [1;30mINFO[0m Creating package script '/home/v120506/rmitbot_v4/lesson7_ws/install/rmitbot_controller/share/rmitbot_controller/package.ps1'
[0.305s] [34mcolcon.colcon_core.shell[0m [1;30mINFO[0m Creating package descriptor '/home/v120506/rmitbot_v4/lesson7_ws/install/rmitbot_controller/share/rmitbot_controller/package.dsv'
[0.305s] [34mcolcon.colcon_core.shell[0m [1;30mINFO[0m Creating package script '/home/v120506/rmitbot_v4/lesson7_ws/install/rmitbot_controller/share/rmitbot_controller/package.sh'
[0.305s] [34mcolcon.colcon_core.shell[0m [1;30mINFO[0m Creating package script '/home/v120506/rmitbot_v4/lesson7_ws/install/rmitbot_controller/share/rmitbot_controller/package.bash'
[0.305s] [34mcolcon.colcon_core.shell[0m [1;30mINFO[0m Creating package script '/home/v120506/rmitbot_v4/lesson7_ws/install/rmitbot_controller/share/rmitbot_controller/package.zsh'
[0.306s] [34mcolcon.colcon_core.environment[0m [1;30mLevel 1[0m create_file_with_runtime_dependencies(/home/v120506/rmitbot_v4/lesson7_ws/install/rmitbot_controller/share/colcon-core/packages/rmitbot_controller)
[0.306s] [34mcolcon.colcon_core.environment[0m [1;30mLevel 1[0m create_environment_scripts_only(rmitbot_controller)
[0.306s] [34mcolcon.colcon_core.environment[0m [1;30mLevel 1[0m checking '/home/v120506/rmitbot_v4/lesson7_ws/install/rmitbot_controller' for CMake module files
[0.306s] [34mcolcon.colcon_core.environment[0m [1;30mLevel 1[0m checking '/home/v120506/rmitbot_v4/lesson7_ws/install/rmitbot_controller' for CMake config files
[0.306s] [34mcolcon.colcon_core.shell[0m [1;30mLevel 1[0m create_environment_hook('rmitbot_controller', 'cmake_prefix_path')
[0.307s] [34mcolcon.colcon_core.shell[0m [1;30mINFO[0m Creating environment hook '/home/v120506/rmitbot_v4/lesson7_ws/install/rmitbot_controller/share/rmitbot_controller/hook/cmake_prefix_path.ps1'
[0.307s] [34mcolcon.colcon_core.shell[0m [1;30mINFO[0m Creating environment descriptor '/home/v120506/rmitbot_v4/lesson7_ws/install/rmitbot_controller/share/rmitbot_controller/hook/cmake_prefix_path.dsv'
[0.307s] [34mcolcon.colcon_core.shell[0m [1;30mINFO[0m Creating environment hook '/home/v120506/rmitbot_v4/lesson7_ws/install/rmitbot_controller/share/rmitbot_controller/hook/cmake_prefix_path.sh'
[0.307s] [34mcolcon.colcon_core.environment[0m [1;30mLevel 1[0m checking '/home/v120506/rmitbot_v4/lesson7_ws/install/rmitbot_controller/bin'
[0.307s] [34mcolcon.colcon_core.environment[0m [1;30mLevel 1[0m checking '/home/v120506/rmitbot_v4/lesson7_ws/install/rmitbot_controller/lib/pkgconfig/rmitbot_controller.pc'
[0.308s] [34mcolcon.colcon_core.environment[0m [1;30mLevel 1[0m checking '/home/v120506/rmitbot_v4/lesson7_ws/install/rmitbot_controller/lib/python3.12/site-packages'
[0.308s] [34mcolcon.colcon_core.environment[0m [1;30mLevel 1[0m checking '/home/v120506/rmitbot_v4/lesson7_ws/install/rmitbot_controller/bin'
[0.308s] [34mcolcon.colcon_core.shell[0m [1;30mINFO[0m Creating package script '/home/v120506/rmitbot_v4/lesson7_ws/install/rmitbot_controller/share/rmitbot_controller/package.ps1'
[0.308s] [34mcolcon.colcon_core.shell[0m [1;30mINFO[0m Creating package descriptor '/home/v120506/rmitbot_v4/lesson7_ws/install/rmitbot_controller/share/rmitbot_controller/package.dsv'
[0.309s] [34mcolcon.colcon_core.shell[0m [1;30mINFO[0m Creating package script '/home/v120506/rmitbot_v4/lesson7_ws/install/rmitbot_controller/share/rmitbot_controller/package.sh'
[0.309s] [34mcolcon.colcon_core.shell[0m [1;30mINFO[0m Creating package script '/home/v120506/rmitbot_v4/lesson7_ws/install/rmitbot_controller/share/rmitbot_controller/package.bash'
[0.309s] [34mcolcon.colcon_core.shell[0m [1;30mINFO[0m Creating package script '/home/v120506/rmitbot_v4/lesson7_ws/install/rmitbot_controller/share/rmitbot_controller/package.zsh'
[0.309s] [34mcolcon.colcon_core.environment[0m [1;30mLevel 1[0m create_file_with_runtime_dependencies(/home/v120506/rmitbot_v4/lesson7_ws/install/rmitbot_controller/share/colcon-core/packages/rmitbot_controller)
[0.340s] [34mcolcon.colcon_core.event_handler.log_command[0m [1;30mDEBUG[0m [32mInvoked command in '/home/v120506/rmitbot_v4/lesson7_ws/build/rmitbot_firmware' returned '0': CMAKE_PREFIX_PATH=${CMAKE_PREFIX_PATH}:/opt/ros/jazzy DEBUGINFOD_URLS=https://debuginfod.ubuntu.com /usr/bin/cmake --build /home/v120506/rmitbot_v4/lesson7_ws/build/rmitbot_firmware -- -j8 -l8[0m
[0.341s] [34mcolcon.colcon_core.event_handler.log_command[0m [1;30mDEBUG[0m [32mInvoking command in '/home/v120506/rmitbot_v4/lesson7_ws/build/rmitbot_firmware': CMAKE_PREFIX_PATH=${CMAKE_PREFIX_PATH}:/opt/ros/jazzy DEBUGINFOD_URLS=https://debuginfod.ubuntu.com /usr/bin/cmake --install /home/v120506/rmitbot_v4/lesson7_ws/build/rmitbot_firmware[0m
[0.351s] [34mcolcon.colcon_core.environment[0m [1;30mLevel 1[0m create_environment_scripts_only(rmitbot_firmware)
[0.351s] [34mcolcon.colcon_core.environment[0m [1;30mLevel 1[0m checking '/home/v120506/rmitbot_v4/lesson7_ws/install/rmitbot_firmware' for CMake module files
[0.352s] [34mcolcon.colcon_core.event_handler.log_command[0m [1;30mDEBUG[0m [32mInvoked command in '/home/v120506/rmitbot_v4/lesson7_ws/build/rmitbot_firmware' returned '0': CMAKE_PREFIX_PATH=${CMAKE_PREFIX_PATH}:/opt/ros/jazzy DEBUGINFOD_URLS=https://debuginfod.ubuntu.com /usr/bin/cmake --install /home/v120506/rmitbot_v4/lesson7_ws/build/rmitbot_firmware[0m
[0.352s] [34mcolcon.colcon_core.environment[0m [1;30mLevel 1[0m checking '/home/v120506/rmitbot_v4/lesson7_ws/install/rmitbot_firmware' for CMake config files
[0.352s] [34mcolcon.colcon_core.shell[0m [1;30mLevel 1[0m create_environment_hook('rmitbot_firmware', 'cmake_prefix_path')
[0.352s] [34mcolcon.colcon_core.shell[0m [1;30mINFO[0m Creating environment hook '/home/v120506/rmitbot_v4/lesson7_ws/install/rmitbot_firmware/share/rmitbot_firmware/hook/cmake_prefix_path.ps1'
[0.353s] [34mcolcon.colcon_core.shell[0m [1;30mINFO[0m Creating environment descriptor '/home/v120506/rmitbot_v4/lesson7_ws/install/rmitbot_firmware/share/rmitbot_firmware/hook/cmake_prefix_path.dsv'
[0.353s] [34mcolcon.colcon_core.shell[0m [1;30mINFO[0m Creating environment hook '/home/v120506/rmitbot_v4/lesson7_ws/install/rmitbot_firmware/share/rmitbot_firmware/hook/cmake_prefix_path.sh'
[0.353s] [34mcolcon.colcon_core.environment[0m [1;30mLevel 1[0m checking '/home/v120506/rmitbot_v4/lesson7_ws/install/rmitbot_firmware/lib'
[0.353s] [34mcolcon.colcon_core.shell[0m [1;30mLevel 1[0m create_environment_hook('rmitbot_firmware', 'ld_library_path_lib')
[0.353s] [34mcolcon.colcon_core.shell[0m [1;30mINFO[0m Creating environment hook '/home/v120506/rmitbot_v4/lesson7_ws/install/rmitbot_firmware/share/rmitbot_firmware/hook/ld_library_path_lib.ps1'
[0.354s] [34mcolcon.colcon_core.shell[0m [1;30mINFO[0m Creating environment descriptor '/home/v120506/rmitbot_v4/lesson7_ws/install/rmitbot_firmware/share/rmitbot_firmware/hook/ld_library_path_lib.dsv'
[0.354s] [34mcolcon.colcon_core.shell[0m [1;30mINFO[0m Creating environment hook '/home/v120506/rmitbot_v4/lesson7_ws/install/rmitbot_firmware/share/rmitbot_firmware/hook/ld_library_path_lib.sh'
[0.354s] [34mcolcon.colcon_core.environment[0m [1;30mLevel 1[0m checking '/home/v120506/rmitbot_v4/lesson7_ws/install/rmitbot_firmware/bin'
[0.354s] [34mcolcon.colcon_core.environment[0m [1;30mLevel 1[0m checking '/home/v120506/rmitbot_v4/lesson7_ws/install/rmitbot_firmware/lib/pkgconfig/rmitbot_firmware.pc'
[0.354s] [34mcolcon.colcon_core.environment[0m [1;30mLevel 1[0m checking '/home/v120506/rmitbot_v4/lesson7_ws/install/rmitbot_firmware/lib/python3.12/site-packages'
[0.355s] [34mcolcon.colcon_core.environment[0m [1;30mLevel 1[0m checking '/home/v120506/rmitbot_v4/lesson7_ws/install/rmitbot_firmware/bin'
[0.355s] [34mcolcon.colcon_core.shell[0m [1;30mINFO[0m Creating package script '/home/v120506/rmitbot_v4/lesson7_ws/install/rmitbot_firmware/share/rmitbot_firmware/package.ps1'
[0.355s] [34mcolcon.colcon_core.shell[0m [1;30mINFO[0m Creating package descriptor '/home/v120506/rmitbot_v4/lesson7_ws/install/rmitbot_firmware/share/rmitbot_firmware/package.dsv'
[0.355s] [34mcolcon.colcon_core.shell[0m [1;30mINFO[0m Creating package script '/home/v120506/rmitbot_v4/lesson7_ws/install/rmitbot_firmware/share/rmitbot_firmware/package.sh'
[0.356s] [34mcolcon.colcon_core.shell[0m [1;30mINFO[0m Creating package script '/home/v120506/rmitbot_v4/lesson7_ws/install/rmitbot_firmware/share/rmitbot_firmware/package.bash'
[0.356s] [34mcolcon.colcon_core.shell[0m [1;30mINFO[0m Creating package script '/home/v120506/rmitbot_v4/lesson7_ws/install/rmitbot_firmware/share/rmitbot_firmware/package.zsh'
[0.356s] [34mcolcon.colcon_core.environment[0m [1;30mLevel 1[0m create_file_with_runtime_dependencies(/home/v120506/rmitbot_v4/lesson7_ws/install/rmitbot_firmware/share/colcon-core/packages/rmitbot_firmware)
[0.357s] [34mcolcon.colcon_core.environment[0m [1;30mLevel 1[0m create_environment_scripts_only(rmitbot_firmware)
[0.357s] [34mcolcon.colcon_core.environment[0m [1;30mLevel 1[0m checking '/home/v120506/rmitbot_v4/lesson7_ws/install/rmitbot_firmware' for CMake module files
[0.357s] [34mcolcon.colcon_core.environment[0m [1;30mLevel 1[0m checking '/home/v120506/rmitbot_v4/lesson7_ws/install/rmitbot_firmware' for CMake config files
[0.357s] [34mcolcon.colcon_core.shell[0m [1;30mLevel 1[0m create_environment_hook('rmitbot_firmware', 'cmake_prefix_path')
[0.357s] [34mcolcon.colcon_core.shell[0m [1;30mINFO[0m Creating environment hook '/home/v120506/rmitbot_v4/lesson7_ws/install/rmitbot_firmware/share/rmitbot_firmware/hook/cmake_prefix_path.ps1'
[0.357s] [34mcolcon.colcon_core.shell[0m [1;30mINFO[0m Creating environment descriptor '/home/v120506/rmitbot_v4/lesson7_ws/install/rmitbot_firmware/share/rmitbot_firmware/hook/cmake_prefix_path.dsv'
[0.358s] [34mcolcon.colcon_core.shell[0m [1;30mINFO[0m Creating environment hook '/home/v120506/rmitbot_v4/lesson7_ws/install/rmitbot_firmware/share/rmitbot_firmware/hook/cmake_prefix_path.sh'
[0.358s] [34mcolcon.colcon_core.environment[0m [1;30mLevel 1[0m checking '/home/v120506/rmitbot_v4/lesson7_ws/install/rmitbot_firmware/lib'
[0.358s] [34mcolcon.colcon_core.shell[0m [1;30mLevel 1[0m create_environment_hook('rmitbot_firmware', 'ld_library_path_lib')
[0.358s] [34mcolcon.colcon_core.shell[0m [1;30mINFO[0m Creating environment hook '/home/v120506/rmitbot_v4/lesson7_ws/install/rmitbot_firmware/share/rmitbot_firmware/hook/ld_library_path_lib.ps1'
[0.358s] [34mcolcon.colcon_core.shell[0m [1;30mINFO[0m Creating environment descriptor '/home/v120506/rmitbot_v4/lesson7_ws/install/rmitbot_firmware/share/rmitbot_firmware/hook/ld_library_path_lib.dsv'
[0.359s] [34mcolcon.colcon_core.shell[0m [1;30mINFO[0m Creating environment hook '/home/v120506/rmitbot_v4/lesson7_ws/install/rmitbot_firmware/share/rmitbot_firmware/hook/ld_library_path_lib.sh'
[0.359s] [34mcolcon.colcon_core.environment[0m [1;30mLevel 1[0m checking '/home/v120506/rmitbot_v4/lesson7_ws/install/rmitbot_firmware/bin'
[0.359s] [34mcolcon.colcon_core.environment[0m [1;30mLevel 1[0m checking '/home/v120506/rmitbot_v4/lesson7_ws/install/rmitbot_firmware/lib/pkgconfig/rmitbot_firmware.pc'
[0.359s] [34mcolcon.colcon_core.environment[0m [1;30mLevel 1[0m checking '/home/v120506/rmitbot_v4/lesson7_ws/install/rmitbot_firmware/lib/python3.12/site-packages'
[0.359s] [34mcolcon.colcon_core.environment[0m [1;30mLevel 1[0m checking '/home/v120506/rmitbot_v4/lesson7_ws/install/rmitbot_firmware/bin'
[0.360s] [34mcolcon.colcon_core.shell[0m [1;30mINFO[0m Creating package script '/home/v120506/rmitbot_v4/lesson7_ws/install/rmitbot_firmware/share/rmitbot_firmware/package.ps1'
[0.360s] [34mcolcon.colcon_core.shell[0m [1;30mINFO[0m Creating package descriptor '/home/v120506/rmitbot_v4/lesson7_ws/install/rmitbot_firmware/share/rmitbot_firmware/package.dsv'
[0.360s] [34mcolcon.colcon_core.shell[0m [1;30mINFO[0m Creating package script '/home/v120506/rmitbot_v4/lesson7_ws/install/rmitbot_firmware/share/rmitbot_firmware/package.sh'
[0.361s] [34mcolcon.colcon_core.shell[0m [1;30mINFO[0m Creating package script '/home/v120506/rmitbot_v4/lesson7_ws/install/rmitbot_firmware/share/rmitbot_firmware/package.bash'
[0.361s] [34mcolcon.colcon_core.shell[0m [1;30mINFO[0m Creating package script '/home/v120506/rmitbot_v4/lesson7_ws/install/rmitbot_firmware/share/rmitbot_firmware/package.zsh'
[0.361s] [34mcolcon.colcon_core.environment[0m [1;30mLevel 1[0m create_file_with_runtime_dependencies(/home/v120506/rmitbot_v4/lesson7_ws/install/rmitbot_firmware/share/colcon-core/packages/rmitbot_firmware)
[0.361s] [34mcolcon.colcon_parallel_executor.executor.parallel[0m [1;30mDEBUG[0m [32mclosing loop[0m
[0.361s] [34mcolcon.colcon_parallel_executor.executor.parallel[0m [1;30mDEBUG[0m [32mloop closed[0m
[0.362s] [34mcolcon.colcon_parallel_executor.executor.parallel[0m [1;30mDEBUG[0m [32mrun_until_complete finished with '0'[0m
[0.362s] [34mcolcon.colcon_core.event_reactor[0m [1;30mDEBUG[0m [32mjoining thread[0m
[0.366s] [34mcolcon.colcon_core.plugin_system[0m [1;30mINFO[0m Skipping extension 'colcon_notification.desktop_notification.terminal_notifier': Not used on non-Darwin systems
[0.366s] [34mcolcon.colcon_core.plugin_system[0m [1;30mINFO[0m Skipping extension 'colcon_notification.desktop_notification.win32': Not used on non-Windows systems
[0.366s] [34mcolcon.colcon_notification.desktop_notification[0m [1;30mINFO[0m Sending desktop notification using 'notify2'
[0.381s] [34mcolcon.colcon_core.event_reactor[0m [1;30mDEBUG[0m [32mjoined thread[0m
[0.381s] [34mcolcon.colcon_core.shell[0m [1;30mINFO[0m Creating prefix script '/home/v120506/rmitbot_v4/lesson7_ws/install/local_setup.ps1'
[0.382s] [34mcolcon.colcon_core.shell[0m [1;30mINFO[0m Creating prefix util module '/home/v120506/rmitbot_v4/lesson7_ws/install/_local_setup_util_ps1.py'
[0.383s] [34mcolcon.colcon_core.shell[0m [1;30mINFO[0m Creating prefix chain script '/home/v120506/rmitbot_v4/lesson7_ws/install/setup.ps1'
[0.384s] [34mcolcon.colcon_core.shell[0m [1;30mINFO[0m Creating prefix script '/home/v120506/rmitbot_v4/lesson7_ws/install/local_setup.sh'
[0.384s] [34mcolcon.colcon_core.shell[0m [1;30mINFO[0m Creating prefix util module '/home/v120506/rmitbot_v4/lesson7_ws/install/_local_setup_util_sh.py'
[0.385s] [34mcolcon.colcon_core.shell[0m [1;30mINFO[0m Creating prefix chain script '/home/v120506/rmitbot_v4/lesson7_ws/install/setup.sh'
[0.386s] [34mcolcon.colcon_core.shell[0m [1;30mINFO[0m Creating prefix script '/home/v120506/rmitbot_v4/lesson7_ws/install/local_setup.bash'
[0.386s] [34mcolcon.colcon_core.shell[0m [1;30mINFO[0m Creating prefix chain script '/home/v120506/rmitbot_v4/lesson7_ws/install/setup.bash'
[0.387s] [34mcolcon.colcon_core.shell[0m [1;30mINFO[0m Creating prefix script '/home/v120506/rmitbot_v4/lesson7_ws/install/local_setup.zsh'
[0.388s] [34mcolcon.colcon_core.shell[0m [1;30mINFO[0m Creating prefix chain script '/home/v120506/rmitbot_v4/lesson7_ws/install/setup.zsh'
