[0.018s] Invoking command in '/home/v120506/rmitbot_v4/lesson7_ws/build/rmitbot_bringup': CMAKE_PREFIX_PATH=${CMAKE_PREFIX_PATH}:/opt/ros/jazzy DEBUGINFOD_URLS=https://debuginfod.ubuntu.com /usr/bin/cmake /home/v120506/rmitbot_v4/lesson7_ws/src/rmitbot_bringup -DCMAKE_INSTALL_PREFIX=/home/v120506/rmitbot_v4/lesson7_ws/install/rmitbot_bringup
[0.118s] -- The C compiler identification is GNU 13.3.0
[0.184s] -- The CXX compiler identification is GNU 13.3.0
[0.210s] -- Detecting C compiler ABI info
[0.304s] -- Detecting C compiler ABI info - done
[0.321s] -- Check for working C compiler: /usr/bin/cc - skipped
[0.321s] -- Detecting C compile features
[0.322s] -- Detecting C compile features - done
[0.334s] -- Detecting CXX compiler ABI info
[0.449s] -- Detecting CXX compiler ABI info - done
[0.460s] -- Check for working CXX compiler: /usr/bin/c++ - skipped
[0.460s] -- Detecting CXX compile features
[0.460s] -- Detecting CXX compile features - done
[0.473s] -- Found ament_cmake: 2.5.4 (/opt/ros/jazzy/share/ament_cmake/cmake)
[0.694s] -- Found Python3: /usr/bin/python3 (found version "3.12.3") found components: Interpreter 
[0.945s] -- Configuring done (0.9s)
[0.949s] -- Generating done (0.0s)
[0.952s] -- Build files have been written to: /home/v120506/rmitbot_v4/lesson7_ws/build/rmitbot_bringup
[0.959s] Invoked command in '/home/v120506/rmitbot_v4/lesson7_ws/build/rmitbot_bringup' returned '0': CMAKE_PREFIX_PATH=${CMAKE_PREFIX_PATH}:/opt/ros/jazzy DEBUGINFOD_URLS=https://debuginfod.ubuntu.com /usr/bin/cmake /home/v120506/rmitbot_v4/lesson7_ws/src/rmitbot_bringup -DCMAKE_INSTALL_PREFIX=/home/v120506/rmitbot_v4/lesson7_ws/install/rmitbot_bringup
[0.960s] Invoking command in '/home/v120506/rmitbot_v4/lesson7_ws/build/rmitbot_bringup': CMAKE_PREFIX_PATH=${CMAKE_PREFIX_PATH}:/opt/ros/jazzy DEBUGINFOD_URLS=https://debuginfod.ubuntu.com /usr/bin/cmake --build /home/v120506/rmitbot_v4/lesson7_ws/build/rmitbot_bringup -- -j8 -l8
[1.013s] Invoked command in '/home/v120506/rmitbot_v4/lesson7_ws/build/rmitbot_bringup' returned '0': CMAKE_PREFIX_PATH=${CMAKE_PREFIX_PATH}:/opt/ros/jazzy DEBUGINFOD_URLS=https://debuginfod.ubuntu.com /usr/bin/cmake --build /home/v120506/rmitbot_v4/lesson7_ws/build/rmitbot_bringup -- -j8 -l8
[1.014s] Invoking command in '/home/v120506/rmitbot_v4/lesson7_ws/build/rmitbot_bringup': CMAKE_PREFIX_PATH=${CMAKE_PREFIX_PATH}:/opt/ros/jazzy DEBUGINFOD_URLS=https://debuginfod.ubuntu.com /usr/bin/cmake --install /home/v120506/rmitbot_v4/lesson7_ws/build/rmitbot_bringup
[1.024s] -- Install configuration: ""
[1.025s] -- Installing: /home/v120506/rmitbot_v4/lesson7_ws/install/rmitbot_bringup/share/rmitbot_bringup/launch
[1.025s] -- Installing: /home/v120506/rmitbot_v4/lesson7_ws/install/rmitbot_bringup/share/rmitbot_bringup/launch/rmitbot.launch.py
[1.025s] -- Installing: /home/v120506/rmitbot_v4/lesson7_ws/install/rmitbot_bringup/share/ament_index/resource_index/package_run_dependencies/rmitbot_bringup
[1.025s] -- Installing: /home/v120506/rmitbot_v4/lesson7_ws/install/rmitbot_bringup/share/ament_index/resource_index/parent_prefix_path/rmitbot_bringup
[1.025s] -- Installing: /home/v120506/rmitbot_v4/lesson7_ws/install/rmitbot_bringup/share/rmitbot_bringup/environment/ament_prefix_path.sh
[1.026s] -- Installing: /home/v120506/rmitbot_v4/lesson7_ws/install/rmitbot_bringup/share/rmitbot_bringup/environment/ament_prefix_path.dsv
[1.026s] -- Installing: /home/v120506/rmitbot_v4/lesson7_ws/install/rmitbot_bringup/share/rmitbot_bringup/environment/path.sh
[1.026s] -- Installing: /home/v120506/rmitbot_v4/lesson7_ws/install/rmitbot_bringup/share/rmitbot_bringup/environment/path.dsv
[1.026s] -- Installing: /home/v120506/rmitbot_v4/lesson7_ws/install/rmitbot_bringup/share/rmitbot_bringup/local_setup.bash
[1.026s] -- Installing: /home/v120506/rmitbot_v4/lesson7_ws/install/rmitbot_bringup/share/rmitbot_bringup/local_setup.sh
[1.026s] -- Installing: /home/v120506/rmitbot_v4/lesson7_ws/install/rmitbot_bringup/share/rmitbot_bringup/local_setup.zsh
[1.027s] -- Installing: /home/v120506/rmitbot_v4/lesson7_ws/install/rmitbot_bringup/share/rmitbot_bringup/local_setup.dsv
[1.027s] -- Installing: /home/v120506/rmitbot_v4/lesson7_ws/install/rmitbot_bringup/share/rmitbot_bringup/package.dsv
[1.027s] -- Installing: /home/v120506/rmitbot_v4/lesson7_ws/install/rmitbot_bringup/share/ament_index/resource_index/packages/rmitbot_bringup
[1.027s] -- Installing: /home/v120506/rmitbot_v4/lesson7_ws/install/rmitbot_bringup/share/rmitbot_bringup/cmake/rmitbot_bringupConfig.cmake
[1.027s] -- Installing: /home/v120506/rmitbot_v4/lesson7_ws/install/rmitbot_bringup/share/rmitbot_bringup/cmake/rmitbot_bringupConfig-version.cmake
[1.027s] -- Installing: /home/v120506/rmitbot_v4/lesson7_ws/install/rmitbot_bringup/share/rmitbot_bringup/package.xml
[1.030s] Invoked command in '/home/v120506/rmitbot_v4/lesson7_ws/build/rmitbot_bringup' returned '0': CMAKE_PREFIX_PATH=${CMAKE_PREFIX_PATH}:/opt/ros/jazzy DEBUGINFOD_URLS=https://debuginfod.ubuntu.com /usr/bin/cmake --install /home/v120506/rmitbot_v4/lesson7_ws/build/rmitbot_bringup
