[0.016s] Invoking command in '/home/v120506/rmitbot_v4/lesson7_ws/build/rmitbot_firmware': CMAKE_PREFIX_PATH=${CMAKE_PREFIX_PATH}:/opt/ros/jazzy DEBUGINFOD_URLS=https://debuginfod.ubuntu.com /usr/bin/cmake --build /home/v120506/rmitbot_v4/lesson7_ws/build/rmitbot_firmware -- -j8 -l8
[0.044s] -- Found ament_cmake: 2.5.4 (/opt/ros/jazzy/share/ament_cmake/cmake)
[0.231s] -- Found rclcpp: 28.1.11 (/opt/ros/jazzy/share/rclcpp/cmake)
[0.263s] -- Found rosidl_generator_c: 4.6.6 (/opt/ros/jazzy/share/rosidl_generator_c/cmake)
[0.275s] -- Found rosidl_generator_cpp: 4.6.6 (/opt/ros/jazzy/share/rosidl_generator_cpp/cmake)
[0.287s] -- Using all available rosidl_typesupport_c: rosidl_typesupport_fastrtps_c;rosidl_typesupport_introspection_c
[0.303s] -- Using all available rosidl_typesupport_cpp: rosidl_typesupport_fastrtps_cpp;rosidl_typesupport_introspection_cpp
[0.351s] -- Found rmw_implementation_cmake: 7.3.2 (/opt/ros/jazzy/share/rmw_implementation_cmake/cmake)
[0.352s] -- Found rmw_cyclonedds_cpp: 2.2.3 (/opt/ros/jazzy/share/rmw_cyclonedds_cpp/cmake)
[0.370s] -- Using RMW implementation 'rmw_cyclonedds_cpp' as default
[0.420s] -- Found std_msgs: 5.3.6 (/opt/ros/jazzy/share/std_msgs/cmake)
[0.430s] -- Found hardware_interface: 4.35.0 (/opt/ros/jazzy/share/hardware_interface/cmake)
[0.608s] -- Found TinyXML2 via Config file: /usr/lib/x86_64-linux-gnu/cmake/tinyxml2
[0.778s] -- Configuring done (0.7s)
[0.801s] -- Generating done (0.0s)
[0.806s] -- Build files have been written to: /home/v120506/rmitbot_v4/lesson7_ws/build/rmitbot_firmware
[0.849s] [100%] Built target rmitbot_firmware
[0.859s] Invoked command in '/home/v120506/rmitbot_v4/lesson7_ws/build/rmitbot_firmware' returned '0': CMAKE_PREFIX_PATH=${CMAKE_PREFIX_PATH}:/opt/ros/jazzy DEBUGINFOD_URLS=https://debuginfod.ubuntu.com /usr/bin/cmake --build /home/v120506/rmitbot_v4/lesson7_ws/build/rmitbot_firmware -- -j8 -l8
[0.860s] Invoking command in '/home/v120506/rmitbot_v4/lesson7_ws/build/rmitbot_firmware': CMAKE_PREFIX_PATH=${CMAKE_PREFIX_PATH}:/opt/ros/jazzy DEBUGINFOD_URLS=https://debuginfod.ubuntu.com /usr/bin/cmake --install /home/v120506/rmitbot_v4/lesson7_ws/build/rmitbot_firmware
[0.870s] -- Install configuration: ""
[0.870s] -- Up-to-date: /home/v120506/rmitbot_v4/lesson7_ws/install/rmitbot_firmware/share/rmitbot_firmware/rmitbot_interface.xml
[0.871s] -- Up-to-date: /home/v120506/rmitbot_v4/lesson7_ws/install/rmitbot_firmware/lib/librmitbot_firmware.so
[0.871s] [31mCMake Error at cmake_install.cmake:77 (file):
[0.871s]   file INSTALL cannot find
[0.871s]   "/home/v120506/rmitbot_v4/lesson7_ws/src/rmitbot_firmware/launch": No such
[0.871s]   file or directory.
[0.871s] 
[0.872s] [0m
[0.873s] Invoked command in '/home/v120506/rmitbot_v4/lesson7_ws/build/rmitbot_firmware' returned '1': CMAKE_PREFIX_PATH=${CMAKE_PREFIX_PATH}:/opt/ros/jazzy DEBUGINFOD_URLS=https://debuginfod.ubuntu.com /usr/bin/cmake --install /home/v120506/rmitbot_v4/lesson7_ws/build/rmitbot_firmware
